Archive member included to satisfy reference by file (symbol)

/Users/iotsuyuan/esp/esp32/blink/build/cxx/libcxx.a(cxx_exception_stubs.o)
                              (__cxx_fatal_exception)
/Users/iotsuyuan/esp/esp32/blink/build/cxx/libcxx.a(cxx_guards.o)
                              (__cxa_guard_dummy)
/Users/iotsuyuan/esp/esp32/blink/build/esp32/libesp32.a(cpu_start.o)
                              (call_start_cpu0)
/Users/iotsuyuan/esp/esp32/blink/build/esp32/libesp32.a(crosscore_int.o)
                              /Users/iotsuyuan/esp/esp32/blink/build/esp32/libesp32.a(cpu_start.o) (esp_crosscore_int_init)
/Users/iotsuyuan/esp/esp32/blink/build/esp32/libesp32.a(dport_access.o)
                              /Users/iotsuyuan/esp/esp32/blink/build/esp32/libesp32.a(cpu_start.o) (esp_dport_access_stall_other_cpu_start)
/Users/iotsuyuan/esp/esp32/blink/build/esp32/libesp32.a(esp_timer.o)
                              /Users/iotsuyuan/esp/esp32/blink/build/esp32/libesp32.a(cpu_start.o) (esp_timer_init)
/Users/iotsuyuan/esp/esp32/blink/build/esp32/libesp32.a(esp_timer_esp32.o)
                              /Users/iotsuyuan/esp/esp32/blink/build/esp32/libesp32.a(esp_timer.o) (esp_timer_impl_get_time)
/Users/iotsuyuan/esp/esp32/blink/build/esp32/libesp32.a(int_wdt.o)
                              /Users/iotsuyuan/esp/esp32/blink/build/esp32/libesp32.a(cpu_start.o) (esp_int_wdt_init)
/Users/iotsuyuan/esp/esp32/blink/build/esp32/libesp32.a(intr_alloc.o)
                              /Users/iotsuyuan/esp/esp32/blink/build/esp32/libesp32.a(esp_timer_esp32.o) (esp_intr_enable)
/Users/iotsuyuan/esp/esp32/blink/build/esp32/libesp32.a(ipc.o)
                              /Users/iotsuyuan/esp/esp32/blink/build/esp32/libesp32.a(cpu_start.o) (esp_ipc_init)
/Users/iotsuyuan/esp/esp32/blink/build/esp32/libesp32.a(panic.o)
                              /Users/iotsuyuan/esp/esp32/blink/build/cxx/libcxx.a(cxx_exception_stubs.o) (abort)
/Users/iotsuyuan/esp/esp32/blink/build/esp32/libesp32.a(system_api.o)
                              /Users/iotsuyuan/esp/esp32/blink/build/esp32/libesp32.a(panic.o) (esp_restart_noos)
/Users/iotsuyuan/esp/esp32/blink/build/esp32/libesp32.a(task_wdt.o)
                              /Users/iotsuyuan/esp/esp32/blink/build/esp32/libesp32.a(cpu_start.o) (esp_task_wdt_init)
/Users/iotsuyuan/esp/esp32/blink/build/esp32/libesp32.a(dport_panic_highint_hdl.o)
                              (ld_include_panic_highint_hdl)
/Users/iotsuyuan/esp/esp32/blink/build/esp32/libesp32.a(brownout.o)
                              /Users/iotsuyuan/esp/esp32/blink/build/esp32/libesp32.a(cpu_start.o) (esp_brownout_init)
/Users/iotsuyuan/esp/esp32/blink/build/esp32/libesp32.a(cache_err_int.o)
                              /Users/iotsuyuan/esp/esp32/blink/build/esp32/libesp32.a(cpu_start.o) (esp_cache_err_int_init)
/Users/iotsuyuan/esp/esp32/blink/build/esp32/libesp32.a(clk.o)
                              /Users/iotsuyuan/esp/esp32/blink/build/esp32/libesp32.a(cpu_start.o) (esp_clk_init)
/Users/iotsuyuan/esp/esp32/blink/build/esp32/libesp32.a(freertos_hooks.o)
                              /Users/iotsuyuan/esp/esp32/blink/build/esp32/libesp32.a(task_wdt.o) (esp_register_freertos_idle_hook_for_cpu)
/Users/iotsuyuan/esp/esp-idf/components/esp32/libhal.a(int_asm--set_intclear.o)
                              /Users/iotsuyuan/esp/esp32/blink/build/esp32/libesp32.a(intr_alloc.o) (xthal_set_intclear)
/Users/iotsuyuan/esp/esp32/blink/build/freertos/libfreertos.a(FreeRTOS-openocd.o)
                              (uxTopUsedPriority)
/Users/iotsuyuan/esp/esp32/blink/build/freertos/libfreertos.a(port.o)
                              /Users/iotsuyuan/esp/esp32/blink/build/esp32/libesp32.a(cpu_start.o) (port_xSchedulerRunning)
/Users/iotsuyuan/esp/esp32/blink/build/freertos/libfreertos.a(queue.o)
                              /Users/iotsuyuan/esp/esp32/blink/build/esp32/libesp32.a(ipc.o) (xQueueGenericCreate)
/Users/iotsuyuan/esp/esp32/blink/build/freertos/libfreertos.a(tasks.o)
                              /Users/iotsuyuan/esp/esp32/blink/build/esp32/libesp32.a(system_api.o) (vTaskSuspendAll)
/Users/iotsuyuan/esp/esp32/blink/build/freertos/libfreertos.a(timers.o)
                              /Users/iotsuyuan/esp/esp32/blink/build/freertos/libfreertos.a(tasks.o) (xTimerCreateTimerTask)
/Users/iotsuyuan/esp/esp32/blink/build/freertos/libfreertos.a(xtensa_init.o)
                              /Users/iotsuyuan/esp/esp32/blink/build/freertos/libfreertos.a(port.o) (_xt_tick_divisor_init)
/Users/iotsuyuan/esp/esp32/blink/build/freertos/libfreertos.a(xtensa_intr.o)
                              /Users/iotsuyuan/esp/esp32/blink/build/esp32/libesp32.a(intr_alloc.o) (xt_unhandled_interrupt)
/Users/iotsuyuan/esp/esp32/blink/build/freertos/libfreertos.a(portasm.o)
                              /Users/iotsuyuan/esp/esp32/blink/build/esp32/libesp32.a(crosscore_int.o) (_frxt_setup_switch)
[...]
Memory Configuration

Name             Origin             Length             Attributes
iram0_0_seg      0x0000000040080000 0x0000000000020000 xr
iram0_2_seg      0x00000000400d0018 0x000000000032ffe8 xr
dram0_0_seg      0x000000003ffb0000 0x000000000002c200 rw
drom0_0_seg      0x000000003f400018 0x00000000003fffe8 r
rtc_iram_seg     0x00000000400c0000 0x0000000000002000 xrw
rtc_slow_seg     0x0000000050000000 0x0000000000001000 rw
*default*        0x0000000000000000 0xffffffffffffffff

Linker script and memory map

START GROUP
LOAD /Users/iotsuyuan/esp/esp32/blink/build/app_trace/libapp_trace.a
LOAD /Users/iotsuyuan/esp/esp32/blink/build/app_update/libapp_update.a
LOAD /Users/iotsuyuan/esp/esp32/blink/build/bootloader_support/libbootloader_support.a
LOAD /Users/iotsuyuan/esp/esp32/blink/build/bt/libbt.a
LOAD /Users/iotsuyuan/esp/esp32/blink/build/coap/libcoap.a
LOAD /Users/iotsuyuan/esp/esp32/blink/build/console/libconsole.a
LOAD /Users/iotsuyuan/esp/esp32/blink/build/cxx/libcxx.a
LOAD /Users/iotsuyuan/esp/esp32/blink/build/driver/libdriver.a
LOAD /Users/iotsuyuan/esp/esp32/blink/build/esp32/libesp32.a
LOAD /Users/iotsuyuan/esp/esp-idf/components/esp32/libhal.a
LOAD /Users/iotsuyuan/esp/esp-idf/components/esp32/lib/libcore.a
LOAD /Users/iotsuyuan/esp/esp-idf/components/esp32/lib/librtc.a
LOAD /Users/iotsuyuan/esp/esp-idf/components/esp32/lib/libnet80211.a
LOAD /Users/iotsuyuan/esp/esp-idf/components/esp32/lib/libpp.a
LOAD /Users/iotsuyuan/esp/esp-idf/components/esp32/lib/libwpa.a
LOAD /Users/iotsuyuan/esp/esp-idf/components/esp32/lib/libsmartconfig.a
LOAD /Users/iotsuyuan/esp/esp-idf/components/esp32/lib/libcoexist.a
LOAD /Users/iotsuyuan/esp/esp-idf/components/esp32/lib/libwps.a
LOAD /Users/iotsuyuan/esp/esp-idf/components/esp32/lib/libwpa2.a
LOAD /Users/iotsuyuan/esp/esp-idf/components/esp32/lib/libespnow.a
LOAD /Users/iotsuyuan/esp/esp-idf/components/esp32/lib/libphy.a
LOAD /Users/iotsuyuan/esp/esp32/blink/build/esp_adc_cal/libesp_adc_cal.a
LOAD /Users/iotsuyuan/esp/esp32/blink/build/ethernet/libethernet.a
LOAD /Users/iotsuyuan/esp/esp32/blink/build/expat/libexpat.a
LOAD /Users/iotsuyuan/esp/esp32/blink/build/fatfs/libfatfs.a
LOAD /Users/iotsuyuan/esp/esp32/blink/build/freertos/libfreertos.a
LOAD /Users/iotsuyuan/esp/esp32/blink/build/hal/libhal.a
LOAD /Users/iotsuyuan/esp/esp32/blink/build/heap/libheap.a
LOAD /Users/iotsuyuan/esp/esp32/blink/build/idf_test/libidf_test.a
LOAD /Users/iotsuyuan/esp/esp32/blink/build/jsmn/libjsmn.a
LOAD /Users/iotsuyuan/esp/esp32/blink/build/json/libjson.a
LOAD /Users/iotsuyuan/esp/esp32/blink/build/libsodium/liblibsodium.a
LOAD /Users/iotsuyuan/esp/esp32/blink/build/log/liblog.a
LOAD /Users/iotsuyuan/esp/esp32/blink/build/lwip/liblwip.a
LOAD /Users/iotsuyuan/esp/esp32/blink/build/main/libmain.a
LOAD /Users/iotsuyuan/esp/esp32/blink/build/mbedtls/libmbedtls.a
LOAD /Users/iotsuyuan/esp/esp32/blink/build/mdns/libmdns.a
LOAD /Users/iotsuyuan/esp/esp32/blink/build/micro-ecc/libmicro-ecc.a
LOAD /Users/iotsuyuan/esp/esp-idf/components/newlib/lib/libc.a
LOAD /Users/iotsuyuan/esp/esp-idf/components/newlib/lib/libm.a
LOAD /Users/iotsuyuan/esp/esp32/blink/build/newlib/libnewlib.a
LOAD /Users/iotsuyuan/esp/esp32/blink/build/nghttp/libnghttp.a
LOAD /Users/iotsuyuan/esp/esp32/blink/build/nvs_flash/libnvs_flash.a
LOAD /Users/iotsuyuan/esp/esp32/blink/build/openssl/libopenssl.a
LOAD /Users/iotsuyuan/esp/esp32/blink/build/pthread/libpthread.a
LOAD /Users/iotsuyuan/esp/esp32/blink/build/sdmmc/libsdmmc.a
LOAD /Users/iotsuyuan/esp/esp32/blink/build/soc/libsoc.a
LOAD /Users/iotsuyuan/esp/esp32/blink/build/spi_flash/libspi_flash.a
LOAD /Users/iotsuyuan/esp/esp32/blink/build/spiffs/libspiffs.a
LOAD /Users/iotsuyuan/esp/esp32/blink/build/tcpip_adapter/libtcpip_adapter.a
LOAD /Users/iotsuyuan/esp/esp32/blink/build/ulp/libulp.a
LOAD /Users/iotsuyuan/esp/esp32/blink/build/vfs/libvfs.a
LOAD /Users/iotsuyuan/esp/esp32/blink/build/wear_levelling/libwear_levelling.a
LOAD /Users/iotsuyuan/esp/esp32/blink/build/wpa_supplicant/libwpa_supplicant.a
LOAD /Users/iotsuyuan/esp/esp32/blink/build/xtensa-debug-module/libxtensa-debug-module.a
LOAD /Users/iotsuyuan/esp/xtensa-esp32-elf/bin/../lib/gcc/xtensa-esp32-elf/5.2.0/libgcc.a
LOAD /Users/iotsuyuan/esp/xtensa-esp32-elf/bin/../lib/gcc/xtensa-esp32-elf/5.2.0/../../../../xtensa-esp32-elf/lib/libstdc++.a
LOAD /Users/iotsuyuan/esp/xtensa-esp32-elf/bin/../lib/gcc/xtensa-esp32-elf/5.2.0/libgcov.a
END GROUP
                0x0000000040000000                _heap_end = 0x40000000

.rtc.text       0x00000000400c0000        0x0
                0x00000000400c0000                . = ALIGN (0x4)
 *(.rtc.literal .rtc.text)
 *rtc_wake_stub*.o(.literal .text .literal.* .text.*)

.rtc.data       0x0000000050000000        0x0
                0x0000000050000000                _rtc_data_start = ABSOLUTE (.)
 *(.rtc.data)
 *(.rtc.rodata)
 *rtc_wake_stub*.o(.data .rodata .data.* .rodata.* .bss .bss.*)
                0x0000000050000000                _rtc_data_end = ABSOLUTE (.)

.rtc.bss        0x0000000050000000        0x0
                0x0000000050000000                _rtc_bss_start = ABSOLUTE (.)
 *rtc_wake_stub*.o(.bss .bss.*)
 *rtc_wake_stub*.o(COMMON)
                0x0000000050000000                _rtc_bss_end = ABSOLUTE (.)

.iram0.vectors  0x0000000040080000      0x400
                0x0000000040080000                _init_start = ABSOLUTE (.)
                0x0000000000000000                . = 0x0
 *(.WindowVectors.text)
 .WindowVectors.text
                0x0000000040080000      0x16a /Users/iotsuyuan/esp/esp32/blink/build/freertos/libfreertos.a(xtensa_vectors.o)
                0x0000000040080000                _WindowOverflow4
                0x0000000040080040                _WindowUnderflow4
                0x0000000040080050                _xt_alloca_exc
                0x0000000040080080                _WindowOverflow8
                0x00000000400800c0                _WindowUnderflow8
                0x0000000040080100                _WindowOverflow12
                0x0000000040080140                _WindowUnderflow12
                0x0000000000000180                . = 0x180
 *fill*         0x000000004008016a       0x16 
 *(.Level2InterruptVector.text)
 .Level2InterruptVector.text
                0x0000000040080180        0x6 /Users/iotsuyuan/esp/esp32/blink/build/freertos/libfreertos.a(xtensa_vectors.o)
                0x0000000040080180                _Level2Vector
                0x00000000000001c0                . = 0x1c0
 *fill*         0x0000000040080186       0x3a 
 *(.Level3InterruptVector.text)
 .Level3InterruptVector.text
                0x00000000400801c0        0x6 /Users/iotsuyuan/esp/esp32/blink/build/freertos/libfreertos.a(xtensa_vectors.o)
                0x00000000400801c0                _Level3Vector
                0x0000000000000200                . = 0x200
 *fill*         0x00000000400801c6       0x3a 
 *(.Level4InterruptVector.text)
 .Level4InterruptVector.text
                0x0000000040080200        0x6 /Users/iotsuyuan/esp/esp32/blink/build/freertos/libfreertos.a(xtensa_vectors.o)
                0x0000000040080200                _Level4Vector
                0x0000000000000240                . = 0x240
 *fill*         0x0000000040080206       0x3a 
 *(.Level5InterruptVector.text)
 .Level5InterruptVector.text
                0x0000000040080240        0x6 /Users/iotsuyuan/esp/esp32/blink/build/freertos/libfreertos.a(xtensa_vectors.o)
                0x0000000040080240                _Level5Vector
                0x0000000000000280                . = 0x280
 *fill*         0x0000000040080246       0x3a 
 *(.DebugExceptionVector.text)
 .DebugExceptionVector.text
                0x0000000040080280        0x6 /Users/iotsuyuan/esp/esp32/blink/build/freertos/libfreertos.a(xtensa_vectors.o)
                0x0000000040080280                _DebugExceptionVector
                0x00000000000002c0                . = 0x2c0
 *fill*         0x0000000040080286       0x3a 
 *(.NMIExceptionVector.text)
 .NMIExceptionVector.text
                0x00000000400802c0        0x6 /Users/iotsuyuan/esp/esp32/blink/build/freertos/libfreertos.a(xtensa_vectors.o)
                0x00000000400802c0                _NMIExceptionVector
                0x0000000000000300                . = 0x300
 *fill*         0x00000000400802c6       0x3a 
 *(.KernelExceptionVector.text)
 .KernelExceptionVector.text
                0x0000000040080300        0x6 /Users/iotsuyuan/esp/esp32/blink/build/freertos/libfreertos.a(xtensa_vectors.o)
                0x0000000040080300                _KernelExceptionVector
                0x0000000000000340                . = 0x340
 *fill*         0x0000000040080306       0x3a 
 *(.UserExceptionVector.text)
 .UserExceptionVector.text
                0x0000000040080340        0x6 /Users/iotsuyuan/esp/esp32/blink/build/freertos/libfreertos.a(xtensa_vectors.o)
                0x0000000040080340                _UserExceptionVector
                0x00000000000003c0                . = 0x3c0
 *fill*         0x0000000040080346       0x7a 
 *(.DoubleExceptionVector.text)
 .DoubleExceptionVector.text
                0x00000000400803c0        0xf /Users/iotsuyuan/esp/esp32/blink/build/freertos/libfreertos.a(xtensa_vectors.o)
                0x00000000400803c0                _DoubleExceptionVector
                0x0000000000000400                . = 0x400
 *fill*         0x00000000400803cf       0x31 
 *(.*Vector.literal)
 *(.UserEnter.literal)
 *(.UserEnter.text)
                0x0000000040080400                . = ALIGN (0x10)
 *(.entry.text)
 *(.init.literal)
 *(.init)
                0x0000000040080400                _init_end = ABSOLUTE (.)
                0x0000000000000000                _iram_start = 0x0

.iram0.text     0x0000000040080400     0x9834
                0x0000000040080400                _iram_text_start = ABSOLUTE (.)
 *(.iram1 .iram1.*)
 .iram1.literal
                0x0000000040080400       0xa8 /Users/iotsuyuan/esp/esp32/blink/build/esp32/libesp32.a(cpu_start.o)
                                        0x1d4 (size before relaxing)
 .iram1.literal
                0x00000000400804a8       0x1c /Users/iotsuyuan/esp/esp32/blink/build/esp32/libesp32.a(crosscore_int.o)
                                         0x40 (size before relaxing)
 .iram1.literal
                0x00000000400804c4       0x34 /Users/iotsuyuan/esp/esp32/blink/build/esp32/libesp32.a(dport_access.o)
                                         0x7c (size before relaxing)
 .iram1.literal
                0x00000000400804f8       0x20 /Users/iotsuyuan/esp/esp32/blink/build/esp32/libesp32.a(esp_timer.o)
                                         0x54 (size before relaxing)
 .iram1.literal
                0x0000000040080518       0x44 /Users/iotsuyuan/esp/esp32/blink/build/esp32/libesp32.a(esp_timer_esp32.o)
                                         0xc8 (size before relaxing)
 .iram1.literal
                0x000000004008055c        0xc /Users/iotsuyuan/esp/esp32/blink/build/esp32/libesp32.a(int_wdt.o)
 .iram1.literal
                0x0000000040080568       0x20 /Users/iotsuyuan/esp/esp32/blink/build/esp32/libesp32.a(intr_alloc.o)
                                         0x7c (size before relaxing)
 .iram1.literal
                0x0000000040080588       0x20 /Users/iotsuyuan/esp/esp32/blink/build/esp32/libesp32.a(ipc.o)
                                         0x34 (size before relaxing)
 .iram1.literal
                0x00000000400805a8       0x64 /Users/iotsuyuan/esp/esp32/blink/build/esp32/libesp32.a(system_api.o)
                                         0xc8 (size before relaxing)
 .iram1.literal
                0x000000004008060c       0x10 /Users/iotsuyuan/esp/esp32/blink/build/esp32/libesp32.a(dport_panic_highint_hdl.o)
                                         0x28 (size before relaxing)
 .iram1.literal
                0x000000004008061c        0xc /Users/iotsuyuan/esp/esp32/blink/build/esp32/libesp32.a(cache_err_int.o)
                                         0x20 (size before relaxing)
 .iram1.literal
                0x0000000040080628        0xc /Users/iotsuyuan/esp/esp32/blink/build/esp32/libesp32.a(clk.o)
                                         0x18 (size before relaxing)
 .iram1.literal
                0x0000000040080634        0x4 /Users/iotsuyuan/esp/esp32/blink/build/esp32/libesp32.a(freertos_hooks.o)
 .iram1.literal
                0x0000000040080638        0x4 /Users/iotsuyuan/esp/esp32/blink/build/freertos/libfreertos.a(port.o)
 .iram1.literal
                0x000000004008063c       0x44 /Users/iotsuyuan/esp/esp32/blink/build/freertos/libfreertos.a(xtensa_vectors.o)
                                         0x68 (size before relaxing)
 .iram1.literal
                0x0000000040080680       0x58 /Users/iotsuyuan/esp/esp32/blink/build/heap/libheap.a(heap_caps.o)
                                         0xb0 (size before relaxing)
 .iram1.literal
                0x00000000400806d8       0x24 /Users/iotsuyuan/esp/esp32/blink/build/log/liblog.a(log.o)
                                         0x48 (size before relaxing)
 .iram1.literal
                0x00000000400806fc       0x14 /Users/iotsuyuan/esp/esp32/blink/build/newlib/libnewlib.a(locks.o)
                                         0x90 (size before relaxing)
 .iram1.literal
                0x0000000040080710        0x8 /Users/iotsuyuan/esp/esp32/blink/build/newlib/libnewlib.a(reent_init.o)
                                         0x10 (size before relaxing)
 .iram1.literal
                0x0000000040080718        0x0 /Users/iotsuyuan/esp/esp32/blink/build/newlib/libnewlib.a(syscalls.o)
                                         0x14 (size before relaxing)
 .iram1.literal
                0x0000000040080718        0x0 /Users/iotsuyuan/esp/esp32/blink/build/newlib/libnewlib.a(time.o)
                                         0x1c (size before relaxing)
 .iram1.literal
                0x0000000040080718       0x1c /Users/iotsuyuan/esp/esp32/blink/build/soc/libsoc.a(cpu_util.o)
                                         0x30 (size before relaxing)
 .iram1.literal
                0x0000000040080734       0x50 /Users/iotsuyuan/esp/esp32/blink/build/spi_flash/libspi_flash.a(cache_utils.o)
                                        0x144 (size before relaxing)
 .iram1.literal
                0x0000000040080784       0x38 /Users/iotsuyuan/esp/esp32/blink/build/spi_flash/libspi_flash.a(flash_ops.o)
                                         0xe4 (size before relaxing)
 .iram1.literal
                0x00000000400807bc       0x4c /Users/iotsuyuan/esp/esp32/blink/build/spi_flash/libspi_flash.a(flash_mmap.o)
                                        0x108 (size before relaxing)
 .iram1.literal
                0x0000000040080808       0x3c /Users/iotsuyuan/esp/esp32/blink/build/driver/libdriver.a(i2c.o)
                                         0xc4 (size before relaxing)
 .literal.pxPortInitialiseStack
                0x0000000040080844       0x10 /Users/iotsuyuan/esp/esp32/blink/build/freertos/libfreertos.a(port.o)
                                         0x18 (size before relaxing)
 .literal.xPortStartScheduler
                0x0000000040080854        0x0 /Users/iotsuyuan/esp/esp32/blink/build/freertos/libfreertos.a(port.o)
                                         0x14 (size before relaxing)
 .literal.xPortSysTickHandler
                0x0000000040080854        0x0 /Users/iotsuyuan/esp/esp32/blink/build/freertos/libfreertos.a(port.o)
                                          0x8 (size before relaxing)
 .literal.vPortYieldOtherCore
                0x0000000040080854        0x0 /Users/iotsuyuan/esp/esp32/blink/build/freertos/libfreertos.a(port.o)
                                          0x4 (size before relaxing)
 .literal.vPortReleaseTaskMPUSettings
                0x0000000040080854        0x0 /Users/iotsuyuan/esp/esp32/blink/build/freertos/libfreertos.a(port.o)
                                          0x4 (size before relaxing)
 .literal.xPortInIsrContext
                0x0000000040080854        0x0 /Users/iotsuyuan/esp/esp32/blink/build/freertos/libfreertos.a(port.o)
                                          0x8 (size before relaxing)
 .literal.vPortCPUInitializeMutex
                0x0000000040080854        0x4 /Users/iotsuyuan/esp/esp32/blink/build/freertos/libfreertos.a(port.o)
 .literal.vPortCPUAcquireMutex
                0x0000000040080858       0x1c /Users/iotsuyuan/esp/esp32/blink/build/freertos/libfreertos.a(port.o)
                                         0x30 (size before relaxing)
 .literal.vPortCPUReleaseMutex
                0x0000000040080874       0x10 /Users/iotsuyuan/esp/esp32/blink/build/freertos/libfreertos.a(port.o)
                                         0x28 (size before relaxing)
 .literal.prvIsQueueFull
                0x0000000040080884        0x0 /Users/iotsuyuan/esp/esp32/blink/build/freertos/libfreertos.a(queue.o)
                                          0x8 (size before relaxing)
 .literal.prvCopyDataToQueue
                0x0000000040080884        0x0 /Users/iotsuyuan/esp/esp32/blink/build/freertos/libfreertos.a(queue.o)
                                          0xc (size before relaxing)
 .literal.prvNotifyQueueSetContainer
                0x0000000040080884       0x14 /Users/iotsuyuan/esp/esp32/blink/build/freertos/libfreertos.a(queue.o)
                                         0x2c (size before relaxing)
 .literal.prvCopyDataFromQueue
                0x0000000040080898        0x0 /Users/iotsuyuan/esp/esp32/blink/build/freertos/libfreertos.a(queue.o)
                                          0x4 (size before relaxing)
 .literal.xQueueGenericReset
                0x0000000040080898        0x4 /Users/iotsuyuan/esp/esp32/blink/build/freertos/libfreertos.a(queue.o)
                                         0x30 (size before relaxing)
 .literal.prvInitialiseNewQueue
                0x000000004008089c        0x0 /Users/iotsuyuan/esp/esp32/blink/build/freertos/libfreertos.a(queue.o)
                                          0x4 (size before relaxing)
 .literal.xQueueGenericCreate
                0x000000004008089c        0x4 /Users/iotsuyuan/esp/esp32/blink/build/freertos/libfreertos.a(queue.o)
                                         0x1c (size before relaxing)
 .literal.xQueueGetMutexHolder
                0x00000000400808a0        0x0 /Users/iotsuyuan/esp/esp32/blink/build/freertos/libfreertos.a(queue.o)
                                          0x8 (size before relaxing)
 .literal.xQueueCreateCountingSemaphore
                0x00000000400808a0        0x4 /Users/iotsuyuan/esp/esp32/blink/build/freertos/libfreertos.a(queue.o)
                                         0x28 (size before relaxing)
 .literal.xQueueGenericSend
                0x00000000400808a4        0x4 /Users/iotsuyuan/esp/esp32/blink/build/freertos/libfreertos.a(queue.o)
                                         0x7c (size before relaxing)
 .literal.prvInitialiseMutex
                0x00000000400808a8        0x0 /Users/iotsuyuan/esp/esp32/blink/build/freertos/libfreertos.a(queue.o)
                                          0x8 (size before relaxing)
 .literal.xQueueCreateMutex
                0x00000000400808a8        0x0 /Users/iotsuyuan/esp/esp32/blink/build/freertos/libfreertos.a(queue.o)
                                          0x8 (size before relaxing)
 .literal.xQueueGiveMutexRecursive
                0x00000000400808a8        0x4 /Users/iotsuyuan/esp/esp32/blink/build/freertos/libfreertos.a(queue.o)
                                         0x1c (size before relaxing)
 .literal.xQueueGenericSendFromISR
                0x00000000400808ac        0x4 /Users/iotsuyuan/esp/esp32/blink/build/freertos/libfreertos.a(queue.o)
                                         0x3c (size before relaxing)
 .literal.xQueueGiveFromISR
                0x00000000400808b0        0x4 /Users/iotsuyuan/esp/esp32/blink/build/freertos/libfreertos.a(queue.o)
                                         0x30 (size before relaxing)
 .literal.xQueueGenericReceive
                0x00000000400808b4        0x4 /Users/iotsuyuan/esp/esp32/blink/build/freertos/libfreertos.a(queue.o)
                                         0x78 (size before relaxing)
 .literal.xQueueTakeMutexRecursive
                0x00000000400808b8        0x4 /Users/iotsuyuan/esp/esp32/blink/build/freertos/libfreertos.a(queue.o)
                                         0x1c (size before relaxing)
 .literal.xQueueReceiveFromISR
                0x00000000400808bc        0x4 /Users/iotsuyuan/esp/esp32/blink/build/freertos/libfreertos.a(queue.o)
                                         0x30 (size before relaxing)
 .literal.vQueueDelete
                0x00000000400808c0        0x4 /Users/iotsuyuan/esp/esp32/blink/build/freertos/libfreertos.a(queue.o)
                                         0x18 (size before relaxing)
 .literal.vQueueWaitForMessageRestricted
                0x00000000400808c4        0x0 /Users/iotsuyuan/esp/esp32/blink/build/freertos/libfreertos.a(queue.o)
                                          0xc (size before relaxing)
 .literal.prvResetNextTaskUnblockTime
                0x00000000400808c4        0x8 /Users/iotsuyuan/esp/esp32/blink/build/freertos/libfreertos.a(tasks.o)
 .literal.prvDeleteTLS
                0x00000000400808cc       0x10 /Users/iotsuyuan/esp/esp32/blink/build/freertos/libfreertos.a(tasks.o)
                                         0x18 (size before relaxing)
 .literal.prvInitialiseNewTask
                0x00000000400808dc        0x0 /Users/iotsuyuan/esp/esp32/blink/build/freertos/libfreertos.a(tasks.o)
                                         0x18 (size before relaxing)
 .literal.prvInitialiseTaskLists
                0x00000000400808dc       0x20 /Users/iotsuyuan/esp/esp32/blink/build/freertos/libfreertos.a(tasks.o)
                                         0x40 (size before relaxing)
 .literal.prvDeleteTCB
                0x00000000400808fc        0x8 /Users/iotsuyuan/esp/esp32/blink/build/freertos/libfreertos.a(tasks.o)
                                         0x2c (size before relaxing)
 .literal.prvAddCurrentTaskToDelayedList
                0x0000000040080904        0x4 /Users/iotsuyuan/esp/esp32/blink/build/freertos/libfreertos.a(tasks.o)
                                         0x1c (size before relaxing)
 .literal.taskYIELD_OTHER_CORE
                0x0000000040080908        0x0 /Users/iotsuyuan/esp/esp32/blink/build/freertos/libfreertos.a(tasks.o)
                                         0x10 (size before relaxing)
 .literal.vTaskSuspendAll
                0x0000000040080908        0x4 /Users/iotsuyuan/esp/esp32/blink/build/freertos/libfreertos.a(tasks.o)
                                          0x8 (size before relaxing)
 .literal.xTaskGetIdleTaskHandleForCPU
                0x000000004008090c        0xc /Users/iotsuyuan/esp/esp32/blink/build/freertos/libfreertos.a(tasks.o)
                                         0x1c (size before relaxing)
 .literal.vTaskSwitchContext
                0x0000000040080918       0x18 /Users/iotsuyuan/esp/esp32/blink/build/freertos/libfreertos.a(tasks.o)
                                         0x3c (size before relaxing)
 .literal.vTaskSetTimeOutState
                0x0000000040080930        0xc /Users/iotsuyuan/esp/esp32/blink/build/freertos/libfreertos.a(tasks.o)
                                         0x20 (size before relaxing)
 .literal.xTaskGetCurrentTaskHandle
                0x000000004008093c        0x0 /Users/iotsuyuan/esp/esp32/blink/build/freertos/libfreertos.a(tasks.o)
                                          0x8 (size before relaxing)
 .literal.__getreent
                0x000000004008093c        0x0 /Users/iotsuyuan/esp/esp32/blink/build/freertos/libfreertos.a(tasks.o)
                                          0x8 (size before relaxing)
 .literal.pcTaskGetTaskName
                0x000000004008093c        0x8 /Users/iotsuyuan/esp/esp32/blink/build/freertos/libfreertos.a(tasks.o)
                                         0x1c (size before relaxing)
 .literal.xTaskGetAffinity
                0x0000000040080944        0x0 /Users/iotsuyuan/esp/esp32/blink/build/freertos/libfreertos.a(tasks.o)
                                          0x4 (size before relaxing)
 .literal.xTaskGetCurrentTaskHandleForCPU
                0x0000000040080944        0x0 /Users/iotsuyuan/esp/esp32/blink/build/freertos/libfreertos.a(tasks.o)
                                          0x4 (size before relaxing)
 .literal.xTaskGetSchedulerState
                0x0000000040080944        0x4 /Users/iotsuyuan/esp/esp32/blink/build/freertos/libfreertos.a(tasks.o)
                                          0xc (size before relaxing)
 .literal.vTaskEnterCritical
                0x0000000040080948       0x14 /Users/iotsuyuan/esp/esp32/blink/build/freertos/libfreertos.a(tasks.o)
                                         0x34 (size before relaxing)
 .literal.vTaskExitCritical
                0x000000004008095c       0x10 /Users/iotsuyuan/esp/esp32/blink/build/freertos/libfreertos.a(tasks.o)
                                         0x30 (size before relaxing)
 .literal.prvAddNewTaskToReadyList
                0x000000004008096c       0x10 /Users/iotsuyuan/esp/esp32/blink/build/freertos/libfreertos.a(tasks.o)
                                         0x58 (size before relaxing)
 .literal.xTaskCreatePinnedToCore
                0x000000004008097c        0x0 /Users/iotsuyuan/esp/esp32/blink/build/freertos/libfreertos.a(tasks.o)
                                         0x18 (size before relaxing)
 .literal.vTaskStartScheduler
                0x000000004008097c       0x10 /Users/iotsuyuan/esp/esp32/blink/build/freertos/libfreertos.a(tasks.o)
                                         0x38 (size before relaxing)
 .literal.vTaskDelete
                0x000000004008098c        0x8 /Users/iotsuyuan/esp/esp32/blink/build/freertos/libfreertos.a(tasks.o)
                                         0x60 (size before relaxing)
 .literal.vTaskDelay
                0x0000000040080994        0x4 /Users/iotsuyuan/esp/esp32/blink/build/freertos/libfreertos.a(tasks.o)
                                         0x38 (size before relaxing)
 .literal.prvCheckTasksWaitingTermination
                0x0000000040080998        0x8 /Users/iotsuyuan/esp/esp32/blink/build/freertos/libfreertos.a(tasks.o)
                                         0x30 (size before relaxing)
 .literal.prvIdleTask
                0x00000000400809a0        0x0 /Users/iotsuyuan/esp/esp32/blink/build/freertos/libfreertos.a(tasks.o)
                                          0x8 (size before relaxing)
 .literal.xTaskGetTickCount
                0x00000000400809a0        0x4 /Users/iotsuyuan/esp/esp32/blink/build/freertos/libfreertos.a(tasks.o)
                                         0x10 (size before relaxing)
 .literal.xTaskIncrementTick
                0x00000000400809a4        0xc /Users/iotsuyuan/esp/esp32/blink/build/freertos/libfreertos.a(tasks.o)
                                         0x78 (size before relaxing)
 .literal.xTaskResumeAll
                0x00000000400809b0        0x8 /Users/iotsuyuan/esp/esp32/blink/build/freertos/libfreertos.a(tasks.o)
                                         0x5c (size before relaxing)
 .literal.vTaskPlaceOnEventList
                0x00000000400809b8        0x8 /Users/iotsuyuan/esp/esp32/blink/build/freertos/libfreertos.a(tasks.o)
                                         0x40 (size before relaxing)
 .literal.vTaskPlaceOnEventListRestricted
                0x00000000400809c0        0x8 /Users/iotsuyuan/esp/esp32/blink/build/freertos/libfreertos.a(tasks.o)
                                         0x38 (size before relaxing)
 .literal.xTaskRemoveFromEventList
                0x00000000400809c8        0x8 /Users/iotsuyuan/esp/esp32/blink/build/freertos/libfreertos.a(tasks.o)
                                         0x58 (size before relaxing)
 .literal.xTaskCheckForTimeOut
                0x00000000400809d0        0xc /Users/iotsuyuan/esp/esp32/blink/build/freertos/libfreertos.a(tasks.o)
                                         0x3c (size before relaxing)
 .literal.vTaskPriorityInherit
                0x00000000400809dc        0x0 /Users/iotsuyuan/esp/esp32/blink/build/freertos/libfreertos.a(tasks.o)
                                         0x2c (size before relaxing)
 .literal.xTaskPriorityDisinherit
                0x00000000400809dc        0x8 /Users/iotsuyuan/esp/esp32/blink/build/freertos/libfreertos.a(tasks.o)
                                         0x40 (size before relaxing)
 .literal.pvTaskIncrementMutexHeldCount
                0x00000000400809e4        0x0 /Users/iotsuyuan/esp/esp32/blink/build/freertos/libfreertos.a(tasks.o)
                                         0x10 (size before relaxing)
 .literal.prvGetNextExpireTime
                0x00000000400809e4        0x4 /Users/iotsuyuan/esp/esp32/blink/build/freertos/libfreertos.a(timers.o)
 .literal.prvInsertTimerInActiveList
                0x00000000400809e8        0x4 /Users/iotsuyuan/esp/esp32/blink/build/freertos/libfreertos.a(timers.o)
                                         0x10 (size before relaxing)
 .literal.prvCheckForValidListAndQueue
                0x00000000400809ec       0x1c /Users/iotsuyuan/esp/esp32/blink/build/freertos/libfreertos.a(timers.o)
                                         0x44 (size before relaxing)
 .literal.xTimerCreateTimerTask
                0x0000000040080a08        0xc /Users/iotsuyuan/esp/esp32/blink/build/freertos/libfreertos.a(timers.o)
                                         0x2c (size before relaxing)
 .literal.xTimerGenericCommand
                0x0000000040080a14        0x0 /Users/iotsuyuan/esp/esp32/blink/build/freertos/libfreertos.a(timers.o)
                                         0x14 (size before relaxing)
 .literal.prvSwitchTimerLists
                0x0000000040080a14        0x4 /Users/iotsuyuan/esp/esp32/blink/build/freertos/libfreertos.a(timers.o)
                                         0x28 (size before relaxing)
 .literal.prvSampleTimeNow
                0x0000000040080a18        0x4 /Users/iotsuyuan/esp/esp32/blink/build/freertos/libfreertos.a(timers.o)
                                          0xc (size before relaxing)
 .literal.prvProcessExpiredTimer
                0x0000000040080a1c        0x4 /Users/iotsuyuan/esp/esp32/blink/build/freertos/libfreertos.a(timers.o)
                                         0x24 (size before relaxing)
 .literal.prvProcessTimerOrBlockTask
                0x0000000040080a20        0x0 /Users/iotsuyuan/esp/esp32/blink/build/freertos/libfreertos.a(timers.o)
                                         0x24 (size before relaxing)
 .literal.prvProcessReceivedCommands
                0x0000000040080a20        0x8 /Users/iotsuyuan/esp/esp32/blink/build/freertos/libfreertos.a(timers.o)
                                         0x40 (size before relaxing)
 .literal.prvTimerTask
                0x0000000040080a28        0x0 /Users/iotsuyuan/esp/esp32/blink/build/freertos/libfreertos.a(timers.o)
                                          0xc (size before relaxing)
 .literal._xt_tick_divisor_init
                0x0000000040080a28        0x8 /Users/iotsuyuan/esp/esp32/blink/build/freertos/libfreertos.a(xtensa_init.o)
                                          0xc (size before relaxing)
 .literal.xt_unhandled_interrupt
                0x0000000040080a30        0x4 /Users/iotsuyuan/esp/esp32/blink/build/freertos/libfreertos.a(xtensa_intr.o)
                                          0x8 (size before relaxing)
 .literal.xt_set_interrupt_handler
                0x0000000040080a34        0x8 /Users/iotsuyuan/esp/esp32/blink/build/freertos/libfreertos.a(xtensa_intr.o)
                                          0xc (size before relaxing)
 .literal       0x0000000040080a3c        0xc /Users/iotsuyuan/esp/esp32/blink/build/freertos/libfreertos.a(portasm.o)
                                         0x54 (size before relaxing)
 .literal       0x0000000040080a48        0x0 /Users/iotsuyuan/esp/esp32/blink/build/freertos/libfreertos.a(xtensa_context.o)
                                         0x10 (size before relaxing)
 .literal.returnItemToRingbufBytebuf
                0x0000000040080a48        0xc /Users/iotsuyuan/esp/esp32/blink/build/freertos/libfreertos.a(ringbuf.o)
                                         0x1c (size before relaxing)
 .literal.returnItemToRingbufDefault
                0x0000000040080a54        0x4 /Users/iotsuyuan/esp/esp32/blink/build/freertos/libfreertos.a(ringbuf.o)
                                         0x44 (size before relaxing)
 .literal.getItemFromRingbufDefault
                0x0000000040080a58        0x4 /Users/iotsuyuan/esp/esp32/blink/build/freertos/libfreertos.a(ringbuf.o)
                                         0x24 (size before relaxing)
 .literal.copyItemToRingbufNoSplit
                0x0000000040080a5c        0x4 /Users/iotsuyuan/esp/esp32/blink/build/freertos/libfreertos.a(ringbuf.o)
                                         0x24 (size before relaxing)
 .literal.copyItemToRingbufByteBuf
                0x0000000040080a60        0x0 /Users/iotsuyuan/esp/esp32/blink/build/freertos/libfreertos.a(ringbuf.o)
                                          0x8 (size before relaxing)
 .literal.copyItemToRingbufAllowSplit
                0x0000000040080a60        0x4 /Users/iotsuyuan/esp/esp32/blink/build/freertos/libfreertos.a(ringbuf.o)
                                         0x34 (size before relaxing)
 .literal.xRingbufferCreate
                0x0000000040080a64       0x2c /Users/iotsuyuan/esp/esp32/blink/build/freertos/libfreertos.a(ringbuf.o)
                                         0x64 (size before relaxing)
 .literal.vRingbufferDelete
                0x0000000040080a90        0x0 /Users/iotsuyuan/esp/esp32/blink/build/freertos/libfreertos.a(ringbuf.o)
                                         0x10 (size before relaxing)
 .literal.xRingbufferSendFromISR
                0x0000000040080a90        0x4 /Users/iotsuyuan/esp/esp32/blink/build/freertos/libfreertos.a(ringbuf.o)
                                         0x24 (size before relaxing)
 .literal.xRingbufferReceiveUpToFromISR
                0x0000000040080a94        0x4 /Users/iotsuyuan/esp/esp32/blink/build/freertos/libfreertos.a(ringbuf.o)
                                         0x24 (size before relaxing)
 .literal.vRingbufferReturnItemFromISR
                0x0000000040080a98        0x0 /Users/iotsuyuan/esp/esp32/blink/build/freertos/libfreertos.a(ringbuf.o)
                                          0xc (size before relaxing)
 .literal.get_prev_free_block
                0x0000000040080a98       0x10 /Users/iotsuyuan/esp/esp32/blink/build/heap/libheap.a(multi_heap.o)
                                         0x28 (size before relaxing)
 .literal.split_if_necessary
                0x0000000040080aa8        0x8 /Users/iotsuyuan/esp/esp32/blink/build/heap/libheap.a(multi_heap.o)
                                         0x38 (size before relaxing)
 .literal.assert_valid_block
                0x0000000040080ab0        0x8 /Users/iotsuyuan/esp/esp32/blink/build/heap/libheap.a(multi_heap.o)
                                         0x2c (size before relaxing)
 .literal.merge_adjacent
                0x0000000040080ab8        0x8 /Users/iotsuyuan/esp/esp32/blink/build/heap/libheap.a(multi_heap.o)
                                         0x4c (size before relaxing)
 .literal.multi_heap_get_allocated_size_impl
                0x0000000040080ac0        0x0 /Users/iotsuyuan/esp/esp32/blink/build/heap/libheap.a(multi_heap.o)
                                         0x10 (size before relaxing)
 .literal.multi_heap_malloc_impl
                0x0000000040080ac0        0x0 /Users/iotsuyuan/esp/esp32/blink/build/heap/libheap.a(multi_heap.o)
                                         0x28 (size before relaxing)
 .literal.multi_heap_free_impl
                0x0000000040080ac0        0x0 /Users/iotsuyuan/esp/esp32/blink/build/heap/libheap.a(multi_heap.o)
                                         0x50 (size before relaxing)
 .literal.multi_heap_realloc_impl
                0x0000000040080ac0        0x8 /Users/iotsuyuan/esp/esp32/blink/build/heap/libheap.a(multi_heap.o)
                                         0x68 (size before relaxing)
 .literal.panicPutChar
                0x0000000040080ac8        0x8 /Users/iotsuyuan/esp/esp32/blink/build/esp32/libesp32.a(panic.o)
 .literal.panicPutStr
                0x0000000040080ad0        0x0 /Users/iotsuyuan/esp/esp32/blink/build/esp32/libesp32.a(panic.o)
                                          0x4 (size before relaxing)
 .literal.panicPutHex
                0x0000000040080ad0        0x0 /Users/iotsuyuan/esp/esp32/blink/build/esp32/libesp32.a(panic.o)
                                          0x8 (size before relaxing)
 .literal.panicPutDec
                0x0000000040080ad0        0x4 /Users/iotsuyuan/esp/esp32/blink/build/esp32/libesp32.a(panic.o)
                                         0x10 (size before relaxing)
 .literal.reconfigureAllWdts
                0x0000000040080ad4       0x10 /Users/iotsuyuan/esp/esp32/blink/build/esp32/libesp32.a(panic.o)
                                         0x24 (size before relaxing)
 .literal.putEntry
                0x0000000040080ae4       0x10 /Users/iotsuyuan/esp/esp32/blink/build/esp32/libesp32.a(panic.o)
                                         0x20 (size before relaxing)
 .literal.doBacktrace
                0x0000000040080af4       0x10 /Users/iotsuyuan/esp/esp32/blink/build/esp32/libesp32.a(panic.o)
                                         0x24 (size before relaxing)
 .literal.invoke_abort
                0x0000000040080b04        0x4 /Users/iotsuyuan/esp/esp32/blink/build/esp32/libesp32.a(panic.o)
                                          0x8 (size before relaxing)
 .literal.haltOtherCore
                0x0000000040080b08        0x0 /Users/iotsuyuan/esp/esp32/blink/build/esp32/libesp32.a(panic.o)
                                          0x4 (size before relaxing)
 .literal.esp_panic_wdt_start
                0x0000000040080b08       0x14 /Users/iotsuyuan/esp/esp32/blink/build/esp32/libesp32.a(panic.o)
                                         0x2c (size before relaxing)
 .literal.commonErrorHandler_dump
                0x0000000040080b1c       0x30 /Users/iotsuyuan/esp/esp32/blink/build/esp32/libesp32.a(panic.o)
                                         0x90 (size before relaxing)
 .literal.esp_panic_dig_reset
                0x0000000040080b4c        0x0 /Users/iotsuyuan/esp/esp32/blink/build/esp32/libesp32.a(panic.o)
                                         0x14 (size before relaxing)
 .literal.abort
                0x0000000040080b4c        0x8 /Users/iotsuyuan/esp/esp32/blink/build/esp32/libesp32.a(panic.o)
                                         0x10 (size before relaxing)
 .literal.vApplicationStackOverflowHook
                0x0000000040080b54        0x8 /Users/iotsuyuan/esp/esp32/blink/build/esp32/libesp32.a(panic.o)
                                         0x18 (size before relaxing)
 .literal.esp_panic_wdt_stop
                0x0000000040080b5c        0x0 /Users/iotsuyuan/esp/esp32/blink/build/esp32/libesp32.a(panic.o)
                                         0x18 (size before relaxing)
 .literal.commonErrorHandler
                0x0000000040080b5c        0x4 /Users/iotsuyuan/esp/esp32/blink/build/esp32/libesp32.a(panic.o)
                                         0x28 (size before relaxing)
 .literal.panicHandler
                0x0000000040080b60       0x34 /Users/iotsuyuan/esp/esp32/blink/build/esp32/libesp32.a(panic.o)
                                         0xa4 (size before relaxing)
 .literal.xt_unhandled_exception
                0x0000000040080b94       0x14 /Users/iotsuyuan/esp/esp32/blink/build/esp32/libesp32.a(panic.o)
                                         0x60 (size before relaxing)
 .literal._esp_error_check_failed
                0x0000000040080ba8        0xc /Users/iotsuyuan/esp/esp32/blink/build/esp32/libesp32.a(panic.o)
                                         0x1c (size before relaxing)
 .literal.rtc_clk_32k_enable_internal
                0x0000000040080bb4       0x14 /Users/iotsuyuan/esp/esp32/blink/build/soc/libsoc.a(rtc_clk.o)
 .literal.rtc_clk_32k_enable
                0x0000000040080bc8        0x4 /Users/iotsuyuan/esp/esp32/blink/build/soc/libsoc.a(rtc_clk.o)
                                          0xc (size before relaxing)
 .literal.rtc_clk_slow_freq_set
                0x0000000040080bcc        0x4 /Users/iotsuyuan/esp/esp32/blink/build/soc/libsoc.a(rtc_clk.o)
                                          0xc (size before relaxing)
 .literal.rtc_clk_slow_freq_get
                0x0000000040080bd0        0x0 /Users/iotsuyuan/esp/esp32/blink/build/soc/libsoc.a(rtc_clk.o)
                                          0x4 (size before relaxing)
 .literal.rtc_clk_slow_freq_get_hz
                0x0000000040080bd0        0xc /Users/iotsuyuan/esp/esp32/blink/build/soc/libsoc.a(rtc_clk.o)
                                         0x10 (size before relaxing)
 .literal.rtc_clk_fast_freq_set
                0x0000000040080bdc        0x4 /Users/iotsuyuan/esp/esp32/blink/build/soc/libsoc.a(rtc_clk.o)
                                          0xc (size before relaxing)
 .literal.rtc_clk_bbpll_set
                0x0000000040080be0        0x8 /Users/iotsuyuan/esp/esp32/blink/build/soc/libsoc.a(rtc_clk.o)
                                         0x38 (size before relaxing)
 .literal.rtc_clk_xtal_freq_get
                0x0000000040080be8        0xc /Users/iotsuyuan/esp/esp32/blink/build/soc/libsoc.a(rtc_clk.o)
                                         0x1c (size before relaxing)
 .literal.rtc_clk_cpu_freq_get
                0x0000000040080bf4       0x14 /Users/iotsuyuan/esp/esp32/blink/build/soc/libsoc.a(rtc_clk.o)
                                         0x30 (size before relaxing)
 .literal.rtc_clk_cpu_freq_value
                0x0000000040080c08       0x1c /Users/iotsuyuan/esp/esp32/blink/build/soc/libsoc.a(rtc_clk.o)
                                         0x2c (size before relaxing)
 .literal.rtc_clk_apb_freq_update
                0x0000000040080c24        0x4 /Users/iotsuyuan/esp/esp32/blink/build/soc/libsoc.a(rtc_clk.o)
                                          0x8 (size before relaxing)
 .literal.rtc_clk_cpu_freq_set
                0x0000000040080c28       0x1c /Users/iotsuyuan/esp/esp32/blink/build/soc/libsoc.a(rtc_clk.o)
                                         0x98 (size before relaxing)
 .literal.rtc_clk_apb_freq_get
                0x0000000040080c44        0x8 /Users/iotsuyuan/esp/esp32/blink/build/soc/libsoc.a(rtc_clk.o)
                                         0x14 (size before relaxing)
 .literal.rtc_init
                0x0000000040080c4c       0x84 /Users/iotsuyuan/esp/esp32/blink/build/soc/libsoc.a(rtc_init.o)
                                        0x100 (size before relaxing)
 .literal.rtc_clk_cal_internal
                0x0000000040080cd0       0x10 /Users/iotsuyuan/esp/esp32/blink/build/soc/libsoc.a(rtc_time.o)
                                         0x3c (size before relaxing)
 .literal.rtc_clk_cal
                0x0000000040080ce0        0x0 /Users/iotsuyuan/esp/esp32/blink/build/soc/libsoc.a(rtc_time.o)
                                          0xc (size before relaxing)
 .literal.rtc_time_get
                0x0000000040080ce0       0x10 /Users/iotsuyuan/esp/esp32/blink/build/soc/libsoc.a(rtc_time.o)
                                         0x18 (size before relaxing)
 .literal.rtc_clk_wait_for_slow_cycle
                0x0000000040080cf0        0x8 /Users/iotsuyuan/esp/esp32/blink/build/soc/libsoc.a(rtc_time.o)
                                         0x20 (size before relaxing)
 .literal       0x0000000040080cf8        0x0 /Users/iotsuyuan/esp/esp-idf/components/esp32/libhal.a(windowspill_asm.o)
                                          0x4 (size before relaxing)
 .literal.OLED_Clean
                0x0000000040080cf8        0x0 /Users/iotsuyuan/esp/esp32/blink/build/hal/libhal.a(oled.o)
                                         0x48 (size before relaxing)
 .literal.OLED_Set_Pos
                0x0000000040080cf8        0x0 /Users/iotsuyuan/esp/esp32/blink/build/hal/libhal.a(oled.o)
                                         0x28 (size before relaxing)
 .literal.OLED_ShowChar
                0x0000000040080cf8        0x8 /Users/iotsuyuan/esp/esp32/blink/build/hal/libhal.a(oled.o)
                                         0x20 (size before relaxing)
 .literal.OLED_ShowString
                0x0000000040080d00        0x4 /Users/iotsuyuan/esp/esp32/blink/build/hal/libhal.a(oled.o)
                                          0x8 (size before relaxing)
 .literal.OLED_ShowNum
                0x0000000040080d04        0x4 /Users/iotsuyuan/esp/esp32/blink/build/hal/libhal.a(oled.o)
                                         0x10 (size before relaxing)
 .literal.OLED_Init
                0x0000000040080d08        0x4 /Users/iotsuyuan/esp/esp32/blink/build/hal/libhal.a(oled.o)
                                         0x10 (size before relaxing)
 .literal.hal_i2c_init
                0x0000000040080d0c        0x4 /Users/iotsuyuan/esp/esp32/blink/build/hal/libhal.a(hal_i2c.o)
                                          0xc (size before relaxing)
 .literal.hal_i2c_master_mem_write
                0x0000000040080d10        0x0 /Users/iotsuyuan/esp/esp32/blink/build/hal/libhal.a(hal_i2c.o)
                                         0x20 (size before relaxing)
 .literal.esp_rom_spiflash_read_status
                0x0000000040080d10       0x10 /Users/iotsuyuan/esp/esp32/blink/build/spi_flash/libspi_flash.a(spi_flash_rom_patch.o)
                                         0x14 (size before relaxing)
 .literal.esp_rom_spiflash_wait_idle
                0x0000000040080d20        0x8 /Users/iotsuyuan/esp/esp32/blink/build/spi_flash/libspi_flash.a(spi_flash_rom_patch.o)
                                          0xc (size before relaxing)
 .literal.esp_rom_spiflash_erase_block_internal
                0x0000000040080d28        0x4 /Users/iotsuyuan/esp/esp32/blink/build/spi_flash/libspi_flash.a(spi_flash_rom_patch.o)
                                         0x18 (size before relaxing)
 .literal.esp_rom_spiflash_erase_sector_internal
                0x0000000040080d2c        0x0 /Users/iotsuyuan/esp/esp32/blink/build/spi_flash/libspi_flash.a(spi_flash_rom_patch.o)
                                         0x18 (size before relaxing)
 .literal.esp_rom_spiflash_read_data
                0x0000000040080d2c       0x18 /Users/iotsuyuan/esp/esp32/blink/build/spi_flash/libspi_flash.a(spi_flash_rom_patch.o)
                                         0x34 (size before relaxing)
 .literal.esp_rom_spiflash_enable_write
                0x0000000040080d44        0x0 /Users/iotsuyuan/esp/esp32/blink/build/spi_flash/libspi_flash.a(spi_flash_rom_patch.o)
                                         0x10 (size before relaxing)
 .literal.esp_rom_spiflash_program_page_internal
                0x0000000040080d44       0x10 /Users/iotsuyuan/esp/esp32/blink/build/spi_flash/libspi_flash.a(spi_flash_rom_patch.o)
                                         0x40 (size before relaxing)
 .literal.esp_rom_spiflash_read_statushigh
                0x0000000040080d54        0x4 /Users/iotsuyuan/esp/esp32/blink/build/spi_flash/libspi_flash.a(spi_flash_rom_patch.o)
                                          0xc (size before relaxing)
 .literal.esp_rom_spiflash_write_status
                0x0000000040080d58        0x4 /Users/iotsuyuan/esp/esp32/blink/build/spi_flash/libspi_flash.a(spi_flash_rom_patch.o)
                                         0x14 (size before relaxing)
 .literal.esp_rom_spiflash_unlock
                0x0000000040080d5c        0x8 /Users/iotsuyuan/esp/esp32/blink/build/spi_flash/libspi_flash.a(spi_flash_rom_patch.o)
                                         0x28 (size before relaxing)
 .literal.esp_rom_spiflash_erase_block
                0x0000000040080d64        0xc /Users/iotsuyuan/esp/esp32/blink/build/spi_flash/libspi_flash.a(spi_flash_rom_patch.o)
                                         0x20 (size before relaxing)
 .literal.esp_rom_spiflash_erase_sector
                0x0000000040080d70        0x0 /Users/iotsuyuan/esp/esp32/blink/build/spi_flash/libspi_flash.a(spi_flash_rom_patch.o)
                                         0x20 (size before relaxing)
 .literal.esp_rom_spiflash_write
                0x0000000040080d70        0x0 /Users/iotsuyuan/esp/esp32/blink/build/spi_flash/libspi_flash.a(spi_flash_rom_patch.o)
                                         0x28 (size before relaxing)
 .literal.esp_rom_spiflash_write_encrypted
                0x0000000040080d70        0xc /Users/iotsuyuan/esp/esp32/blink/build/spi_flash/libspi_flash.a(spi_flash_rom_patch.o)
                                         0x10 (size before relaxing)
 .literal.esp_rom_spiflash_read
                0x0000000040080d7c       0x30 /Users/iotsuyuan/esp/esp32/blink/build/spi_flash/libspi_flash.a(spi_flash_rom_patch.o)
                                         0x5c (size before relaxing)
 .literal       0x0000000040080dac       0x10 /Users/iotsuyuan/esp/esp-idf/components/newlib/lib/libm.a(lib_a-s_fpclassify.o)
                                         0x18 (size before relaxing)
 .literal       0x0000000040080dbc        0x4 /Users/iotsuyuan/esp/esp-idf/components/newlib/lib/libm.a(lib_a-sf_nan.o)
 .iram1         0x0000000040080dc0      0x29e /Users/iotsuyuan/esp/esp32/blink/build/esp32/libesp32.a(cpu_start.o)
                                        0x35e (size before relaxing)
                0x0000000040080dc0                start_cpu0
                0x0000000040080dc0                start_cpu0_default
                0x0000000040080e90                start_cpu1_default
                0x0000000040080e90                start_cpu1
                0x0000000040080f0c                call_start_cpu0
 *fill*         0x000000004008105e        0x2 
 .iram1         0x0000000040081060       0xb0 /Users/iotsuyuan/esp/esp32/blink/build/esp32/libesp32.a(crosscore_int.o)
                                         0xc0 (size before relaxing)
                0x00000000400810f8                esp_crosscore_int_send_yield
                0x0000000040081104                esp_crosscore_int_send_freq_switch
 .iram1         0x0000000040081110      0x197 /Users/iotsuyuan/esp/esp32/blink/build/esp32/libesp32.a(dport_access.o)
                                        0x1a3 (size before relaxing)
                0x0000000040081110                esp_dport_access_stall_other_cpu_start
                0x00000000400811c0                esp_dport_access_stall_other_cpu_end
                0x000000004008123c                esp_dport_access_stall_other_cpu_start_wrap
                0x0000000040081244                esp_dport_access_stall_other_cpu_end_wrap
                0x000000004008124c                esp_dport_access_int_pause
                0x0000000040081270                esp_dport_access_int_abort
                0x0000000040081284                esp_dport_access_int_resume
 *fill*         0x00000000400812a7        0x1 
 .iram1         0x00000000400812a8      0x1e5 /Users/iotsuyuan/esp/esp32/blink/build/esp32/libesp32.a(esp_timer.o)
                                        0x1fd (size before relaxing)
                0x00000000400813c4                esp_timer_stop
                0x00000000400813e8                esp_timer_get_time
                0x00000000400813f8                esp_timer_start_once
                0x000000004008143c                esp_timer_start_periodic
 *fill*         0x000000004008148d        0x3 
 .iram1         0x0000000040081490      0x447 /Users/iotsuyuan/esp/esp32/blink/build/esp32/libesp32.a(esp_timer_esp32.o)
                                        0x453 (size before relaxing)
                0x0000000040081544                esp_timer_impl_get_time
                0x0000000040081674                esp_timer_impl_set_alarm
                0x0000000040081814                esp_timer_impl_update_apb_freq
                0x00000000400818cc                esp_timer_impl_get_min_period_us
 *fill*         0x00000000400818d7        0x1 
 .iram1         0x00000000400818d8       0x53 /Users/iotsuyuan/esp/esp32/blink/build/esp32/libesp32.a(int_wdt.o)
 *fill*         0x000000004008192b        0x1 
 .iram1         0x000000004008192c      0x2b6 /Users/iotsuyuan/esp/esp32/blink/build/esp32/libesp32.a(intr_alloc.o)
                                        0x2ce (size before relaxing)
                0x0000000040081968                esp_intr_set_in_iram
                0x00000000400819f0                esp_intr_enable
                0x0000000040081a78                esp_intr_disable
                0x0000000040081b40                esp_intr_noniram_disable
                0x0000000040081b8c                esp_intr_noniram_enable
                0x0000000040081bcc                ets_isr_unmask
                0x0000000040081bd8                ets_isr_mask
 *fill*         0x0000000040081be2        0x2 
 .iram1         0x0000000040081be4       0x7f /Users/iotsuyuan/esp/esp32/blink/build/esp32/libesp32.a(ipc.o)
                                         0x8b (size before relaxing)
 *fill*         0x0000000040081c63        0x1 
 .iram1         0x0000000040081c64      0x1ed /Users/iotsuyuan/esp/esp32/blink/build/esp32/libesp32.a(system_api.o)
                                        0x22c (size before relaxing)
                0x0000000040081cdc                esp_restart_noos
                0x0000000040081e30                esp_restart
                0x0000000040081e30                system_restart
 *fill*         0x0000000040081e51        0x3 
 .iram1         0x0000000040081e54       0xda /Users/iotsuyuan/esp/esp32/blink/build/esp32/libesp32.a(dport_panic_highint_hdl.o)
                0x0000000040081e54                xt_highint4
                0x0000000040081f2e                ld_include_panic_highint_hdl
 *fill*         0x0000000040081f2e        0x2 
 .iram1         0x0000000040081f30       0x3a /Users/iotsuyuan/esp/esp32/blink/build/esp32/libesp32.a(cache_err_int.o)
                                         0x4a (size before relaxing)
                0x0000000040081f30                esp_cache_err_get_cpuid
 *fill*         0x0000000040081f6a        0x2 
 .iram1         0x0000000040081f6c       0x37 /Users/iotsuyuan/esp/esp32/blink/build/esp32/libesp32.a(clk.o)
                0x0000000040081f6c                esp_clk_cpu_freq
                0x0000000040081f7c                esp_clk_apb_freq
                0x0000000040081f94                ets_update_cpu_frequency
 *fill*         0x0000000040081fa3        0x1 
 .iram1         0x0000000040081fa4       0x27 /Users/iotsuyuan/esp/esp32/blink/build/esp32/libesp32.a(freertos_hooks.o)
                0x0000000040081fa4                esp_vApplicationTickHook
 *fill*         0x0000000040081fcb        0x1 
 .iram1         0x0000000040081fcc       0x1a /Users/iotsuyuan/esp/esp32/blink/build/freertos/libfreertos.a(port.o)
                0x0000000040081fcc                xPortInterruptedFromISRContext
 *fill*         0x0000000040081fe6        0x2 
 .iram1         0x0000000040081fe8      0x4b4 /Users/iotsuyuan/esp/esp32/blink/build/freertos/libfreertos.a(xtensa_vectors.o)
                0x0000000040081fe8                _xt_panic
                0x0000000040082100                _xt_user_exit
                0x00000000400823ec                _xt_medint2_exit
                0x0000000040082488                _xt_medint3_exit
 .iram1         0x000000004008249c      0x3dd /Users/iotsuyuan/esp/esp32/blink/build/heap/libheap.a(heap_caps.o)
                                        0x3f5 (size before relaxing)
                0x000000004008252c                heap_caps_malloc
                0x00000000400825c8                heap_caps_malloc_default
                0x000000004008260c                heap_caps_malloc_prefer
                0x0000000040082664                heap_caps_free
                0x000000004008269c                heap_caps_realloc
                0x0000000040082748                heap_caps_realloc_default
                0x00000000400827a0                heap_caps_realloc_prefer
                0x0000000040082804                heap_caps_calloc
                0x0000000040082824                heap_caps_calloc_prefer
 *fill*         0x0000000040082879        0x3 
 .iram1         0x000000004008287c      0x18a /Users/iotsuyuan/esp/esp32/blink/build/log/liblog.a(log.o)
                                        0x19a (size before relaxing)
                0x000000004008287c                esp_log_write
                0x00000000400829ac                esp_log_early_timestamp
                0x00000000400829c8                esp_log_timestamp
 *fill*         0x0000000040082a06        0x2 
 .iram1         0x0000000040082a08      0x1cc /Users/iotsuyuan/esp/esp32/blink/build/newlib/libnewlib.a(locks.o)
                                        0x210 (size before relaxing)
                0x0000000040082b20                _lock_init
                0x0000000040082b30                _lock_init_recursive
                0x0000000040082b40                _lock_close
                0x0000000040082b7c                _lock_acquire
                0x0000000040082b8c                _lock_acquire_recursive
                0x0000000040082b9c                _lock_try_acquire
                0x0000000040082bac                _lock_try_acquire_recursive
                0x0000000040082bbc                _lock_release
                0x0000000040082bc8                _lock_release_recursive
 .iram1         0x0000000040082bd4       0x3c /Users/iotsuyuan/esp/esp32/blink/build/newlib/libnewlib.a(reent_init.o)
                0x0000000040082bd4                esp_reent_init
 .iram1         0x0000000040082c10       0x4a /Users/iotsuyuan/esp/esp32/blink/build/newlib/libnewlib.a(syscalls.o)
                                         0x52 (size before relaxing)
                0x0000000040082c10                _malloc_r
                0x0000000040082c1c                _free_r
                0x0000000040082c28                _realloc_r
                0x0000000040082c3c                _calloc_r
 *fill*         0x0000000040082c5a        0x2 
 .iram1         0x0000000040082c5c       0x6c /Users/iotsuyuan/esp/esp32/blink/build/newlib/libnewlib.a(time.o)
                                         0x74 (size before relaxing)
                0x0000000040082c5c                _gettimeofday_r
                0x0000000040082ca0                _times_r
 .iram1         0x0000000040082cc8      0x11a /Users/iotsuyuan/esp/esp32/blink/build/soc/libsoc.a(cpu_util.o)
                0x0000000040082cc8                esp_cpu_stall
                0x0000000040082d5c                esp_cpu_unstall
                0x0000000040082db0                esp_cpu_reset
                0x0000000040082dd4                esp_cpu_in_ocd_debug_mode
 *fill*         0x0000000040082de2        0x2 
 .iram1         0x0000000040082de4      0x334 /Users/iotsuyuan/esp/esp32/blink/build/spi_flash/libspi_flash.a(cache_utils.o)
                                        0x39c (size before relaxing)
                0x0000000040082e60                spi_flash_op_block_func
                0x0000000040082f38                spi_flash_disable_interrupts_caches_and_other_cpu
                0x0000000040083004                spi_flash_enable_interrupts_caches_and_other_cpu
                0x000000004008309c                spi_flash_disable_interrupts_caches_and_other_cpu_no_os
                0x00000000400830c8                spi_flash_enable_interrupts_caches_no_os
                0x00000000400830e4                spi_flash_cache_enabled
 .iram1         0x0000000040083118      0x722 /Users/iotsuyuan/esp/esp32/blink/build/spi_flash/libspi_flash.a(flash_ops.o)
                                        0x74a (size before relaxing)
                0x0000000040083188                spi_flash_guard_set
                0x0000000040083194                spi_flash_guard_get
                0x00000000400831a0                spi_flash_get_chip_size
                0x00000000400831ac                spi_flash_erase_range
                0x0000000040083264                spi_flash_erase_sector
                0x0000000040083288                spi_flash_write
                0x0000000040083450                spi_flash_read
                0x00000000400836e8                spi_flash_read_encrypted
                0x0000000040083730                spi_flash_write_encrypted
 *fill*         0x000000004008383a        0x2 
 .iram1         0x000000004008383c      0x480 /Users/iotsuyuan/esp/esp32/blink/build/spi_flash/libspi_flash.a(flash_mmap.o)
                                        0x4b0 (size before relaxing)
                0x0000000040083940                spi_flash_mmap_pages
                0x0000000040083b5c                spi_flash_mmap
                0x0000000040083bc8                spi_flash_munmap
                0x0000000040083c74                spi_flash_mark_modified_region
 .iram1         0x0000000040083cbc      0x831 /Users/iotsuyuan/esp/esp32/blink/build/driver/libdriver.a(i2c.o)
                                        0x859 (size before relaxing)
 *fill*         0x00000000400844ed        0x0 
 *fill*         0x00000000400844ed        0x0 
 *fill*         0x00000000400844ed        0x0 
 *fill*         0x00000000400844ed        0x0 
 *fill*         0x00000000400844ed        0x0 
 *fill*         0x00000000400844ed        0x0 
 *fill*         0x00000000400844ed        0x0 
 *fill*         0x00000000400844ed        0x0 
 *fill*         0x00000000400844ed        0x0 
 *fill*         0x00000000400844ed        0x0 
 *fill*         0x00000000400844ed        0x0 
 *fill*         0x00000000400844ed        0x3 
 .iram1         0x00000000400844f0       0x2e /Users/iotsuyuan/esp/esp32/blink/build/freertos/libfreertos.a(xtensa_vector_defaults.o)
                0x00000000400844f0                xt_debugexception
                0x0000000040084510                xt_highint5
                0x0000000040084518                _xt_nmi
                0x0000000040084518                xt_nmi
 *fill*         0x000000004008451e        0x0 
 *fill*         0x000000004008451e        0x0 
 *fill*         0x000000004008451e        0x0 
 *fill*         0x000000004008451e        0x0 
 *fill*         0x000000004008451e        0x0 
 *fill*         0x000000004008451e        0x0 
 *libfreertos.a:(.literal .text .literal.* .text.*)
 *fill*         0x000000004008451e        0x2 
 .text.pxPortInitialiseStack
                0x0000000040084520       0x86 /Users/iotsuyuan/esp/esp32/blink/build/freertos/libfreertos.a(port.o)
                0x0000000040084520                pxPortInitialiseStack
 *fill*         0x00000000400845a6        0x2 
 .text.xPortStartScheduler
                0x00000000400845a8       0x22 /Users/iotsuyuan/esp/esp32/blink/build/freertos/libfreertos.a(port.o)
                                         0x2e (size before relaxing)
                0x00000000400845a8                xPortStartScheduler
 *fill*         0x00000000400845ca        0x2 
 .text.xPortSysTickHandler
                0x00000000400845cc       0x10 /Users/iotsuyuan/esp/esp32/blink/build/freertos/libfreertos.a(port.o)
                                         0x16 (size before relaxing)
                0x00000000400845cc                xPortSysTickHandler
 *fill*         0x00000000400845dc        0x0 
 .text.vPortYieldOtherCore
                0x00000000400845dc        0xa /Users/iotsuyuan/esp/esp32/blink/build/freertos/libfreertos.a(port.o)
                                          0xe (size before relaxing)
                0x00000000400845dc                vPortYieldOtherCore
 *fill*         0x00000000400845e6        0x2 
 .text.vPortReleaseTaskMPUSettings
                0x00000000400845e8        0xa /Users/iotsuyuan/esp/esp32/blink/build/freertos/libfreertos.a(port.o)
                                          0xe (size before relaxing)
                0x00000000400845e8                vPortReleaseTaskMPUSettings
 *fill*         0x00000000400845f2        0x2 
 .text.xPortInIsrContext
                0x00000000400845f4       0x26 /Users/iotsuyuan/esp/esp32/blink/build/freertos/libfreertos.a(port.o)
                0x00000000400845f4                xPortInIsrContext
 *fill*         0x000000004008461a        0x2 
 .text.vPortCPUInitializeMutex
                0x000000004008461c        0xe /Users/iotsuyuan/esp/esp32/blink/build/freertos/libfreertos.a(port.o)
                0x000000004008461c                vPortCPUInitializeMutex
 *fill*         0x000000004008462a        0x2 
 .text.vPortCPUAcquireMutex
                0x000000004008462c       0x81 /Users/iotsuyuan/esp/esp32/blink/build/freertos/libfreertos.a(port.o)
                                         0x88 (size before relaxing)
                0x000000004008462c                vPortCPUAcquireMutex
 *fill*         0x00000000400846ad        0x3 
 .text.vPortCPUReleaseMutex
                0x00000000400846b0       0x59 /Users/iotsuyuan/esp/esp32/blink/build/freertos/libfreertos.a(port.o)
                                         0x61 (size before relaxing)
                0x00000000400846b0                vPortCPUReleaseMutex
 *fill*         0x0000000040084709        0x3 
 .text.prvIsQueueFull
                0x000000004008470c       0x2a /Users/iotsuyuan/esp/esp32/blink/build/freertos/libfreertos.a(queue.o)
 *fill*         0x0000000040084736        0x2 
 .text.prvCopyDataToQueue
                0x0000000040084738       0x9e /Users/iotsuyuan/esp/esp32/blink/build/freertos/libfreertos.a(queue.o)
 *fill*         0x00000000400847d6        0x2 
 .text.prvNotifyQueueSetContainer
                0x00000000400847d8       0x6a /Users/iotsuyuan/esp/esp32/blink/build/freertos/libfreertos.a(queue.o)
                                         0x76 (size before relaxing)
 *fill*         0x0000000040084842        0x2 
 .text.prvCopyDataFromQueue
                0x0000000040084844       0x24 /Users/iotsuyuan/esp/esp32/blink/build/freertos/libfreertos.a(queue.o)
 .text.xQueueGenericReset
                0x0000000040084868       0x86 /Users/iotsuyuan/esp/esp32/blink/build/freertos/libfreertos.a(queue.o)
                                         0x96 (size before relaxing)
                0x0000000040084868                xQueueGenericReset
 *fill*         0x00000000400848ee        0x2 
 .text.prvInitialiseNewQueue
                0x00000000400848f0       0x1f /Users/iotsuyuan/esp/esp32/blink/build/freertos/libfreertos.a(queue.o)
                                         0x23 (size before relaxing)
 *fill*         0x000000004008490f        0x1 
 .text.xQueueGenericCreate
                0x0000000040084910       0x49 /Users/iotsuyuan/esp/esp32/blink/build/freertos/libfreertos.a(queue.o)
                                         0x4d (size before relaxing)
                0x0000000040084910                xQueueGenericCreate
 *fill*         0x0000000040084959        0x3 
 .text.xQueueGetMutexHolder
                0x000000004008495c       0x23 /Users/iotsuyuan/esp/esp32/blink/build/freertos/libfreertos.a(queue.o)
                0x000000004008495c                xQueueGetMutexHolder
 *fill*         0x000000004008497f        0x1 
 .text.xQueueCreateCountingSemaphore
                0x0000000040084980       0x66 /Users/iotsuyuan/esp/esp32/blink/build/freertos/libfreertos.a(queue.o)
                                         0x6a (size before relaxing)
                0x0000000040084980                xQueueCreateCountingSemaphore
 *fill*         0x00000000400849e6        0x2 
 .text.xQueueGenericSend
                0x00000000400849e8      0x158 /Users/iotsuyuan/esp/esp32/blink/build/freertos/libfreertos.a(queue.o)
                                        0x18c (size before relaxing)
                0x00000000400849e8                xQueueGenericSend
 .text.prvInitialiseMutex
                0x0000000040084b40       0x22 /Users/iotsuyuan/esp/esp32/blink/build/freertos/libfreertos.a(queue.o)
                                         0x26 (size before relaxing)
 *fill*         0x0000000040084b62        0x2 
 .text.xQueueCreateMutex
                0x0000000040084b64       0x16 /Users/iotsuyuan/esp/esp32/blink/build/freertos/libfreertos.a(queue.o)
                                         0x1a (size before relaxing)
                0x0000000040084b64                xQueueCreateMutex
 *fill*         0x0000000040084b7a        0x2 
 .text.xQueueGiveMutexRecursive
                0x0000000040084b7c       0x48 /Users/iotsuyuan/esp/esp32/blink/build/freertos/libfreertos.a(queue.o)
                                         0x4c (size before relaxing)
                0x0000000040084b7c                xQueueGiveMutexRecursive
 .text.xQueueGenericSendFromISR
                0x0000000040084bc4       0xd6 /Users/iotsuyuan/esp/esp32/blink/build/freertos/libfreertos.a(queue.o)
                                         0xe6 (size before relaxing)
                0x0000000040084bc4                xQueueGenericSendFromISR
 *fill*         0x0000000040084c9a        0x2 
 .text.xQueueGiveFromISR
                0x0000000040084c9c       0xb6 /Users/iotsuyuan/esp/esp32/blink/build/freertos/libfreertos.a(queue.o)
                                         0xc2 (size before relaxing)
                0x0000000040084c9c                xQueueGiveFromISR
 *fill*         0x0000000040084d52        0x2 
 .text.xQueueGenericReceive
                0x0000000040084d54      0x144 /Users/iotsuyuan/esp/esp32/blink/build/freertos/libfreertos.a(queue.o)
                                        0x178 (size before relaxing)
                0x0000000040084d54                xQueueGenericReceive
 .text.xQueueTakeMutexRecursive
                0x0000000040084e98       0x51 /Users/iotsuyuan/esp/esp32/blink/build/freertos/libfreertos.a(queue.o)
                0x0000000040084e98                xQueueTakeMutexRecursive
 *fill*         0x0000000040084ee9        0x3 
 .text.xQueueReceiveFromISR
                0x0000000040084eec       0x96 /Users/iotsuyuan/esp/esp32/blink/build/freertos/libfreertos.a(queue.o)
                                         0xa6 (size before relaxing)
                0x0000000040084eec                xQueueReceiveFromISR
 *fill*         0x0000000040084f82        0x2 
 .text.vQueueDelete
                0x0000000040084f84       0x28 /Users/iotsuyuan/esp/esp32/blink/build/freertos/libfreertos.a(queue.o)
                0x0000000040084f84                vQueueDelete
 .text.vQueueWaitForMessageRestricted
                0x0000000040084fac       0x23 /Users/iotsuyuan/esp/esp32/blink/build/freertos/libfreertos.a(queue.o)
                                         0x2a (size before relaxing)
                0x0000000040084fac                vQueueWaitForMessageRestricted
 *fill*         0x0000000040084fcf        0x1 
 .text.prvResetNextTaskUnblockTime
                0x0000000040084fd0       0x34 /Users/iotsuyuan/esp/esp32/blink/build/freertos/libfreertos.a(tasks.o)
 .text.prvDeleteTLS
                0x0000000040085004       0x40 /Users/iotsuyuan/esp/esp32/blink/build/freertos/libfreertos.a(tasks.o)
 .text.prvInitialiseNewTask
                0x0000000040085044       0xc4 /Users/iotsuyuan/esp/esp32/blink/build/freertos/libfreertos.a(tasks.o)
                                         0xd0 (size before relaxing)
 .text.prvInitialiseTaskLists
                0x0000000040085108       0x5a /Users/iotsuyuan/esp/esp32/blink/build/freertos/libfreertos.a(tasks.o)
                                         0x6e (size before relaxing)
 *fill*         0x0000000040085162        0x2 
 .text.prvDeleteTCB
                0x0000000040085164       0x56 /Users/iotsuyuan/esp/esp32/blink/build/freertos/libfreertos.a(tasks.o)
                                         0x5d (size before relaxing)
 *fill*         0x00000000400851ba        0x2 
 .text.prvAddCurrentTaskToDelayedList
                0x00000000400851bc       0x66 /Users/iotsuyuan/esp/esp32/blink/build/freertos/libfreertos.a(tasks.o)
                                         0x6a (size before relaxing)
 *fill*         0x0000000040085222        0x2 
 .text.taskYIELD_OTHER_CORE
                0x0000000040085224       0x53 /Users/iotsuyuan/esp/esp32/blink/build/freertos/libfreertos.a(tasks.o)
                0x0000000040085224                taskYIELD_OTHER_CORE
 *fill*         0x0000000040085277        0x1 
 .text.vTaskSuspendAll
                0x0000000040085278       0x26 /Users/iotsuyuan/esp/esp32/blink/build/freertos/libfreertos.a(tasks.o)
                0x0000000040085278                vTaskSuspendAll
 *fill*         0x000000004008529e        0x2 
 .text.xTaskGetIdleTaskHandleForCPU
                0x00000000400852a0       0x2a /Users/iotsuyuan/esp/esp32/blink/build/freertos/libfreertos.a(tasks.o)
                                         0x2e (size before relaxing)
                0x00000000400852a0                xTaskGetIdleTaskHandleForCPU
 *fill*         0x00000000400852ca        0x2 
 .text.vTaskSwitchContext
                0x00000000400852cc      0x27e /Users/iotsuyuan/esp/esp32/blink/build/freertos/libfreertos.a(tasks.o)
                                        0x28a (size before relaxing)
                0x00000000400852cc                vTaskSwitchContext
 *fill*         0x000000004008554a        0x2 
 .text.vTaskSetTimeOutState
                0x000000004008554c       0x34 /Users/iotsuyuan/esp/esp32/blink/build/freertos/libfreertos.a(tasks.o)
                0x000000004008554c                vTaskSetTimeOutState
 .text.xTaskGetCurrentTaskHandle
                0x0000000040085580       0x1f /Users/iotsuyuan/esp/esp32/blink/build/freertos/libfreertos.a(tasks.o)
                0x0000000040085580                xTaskGetCurrentTaskHandle
 *fill*         0x000000004008559f        0x1 
 .text.__getreent
                0x00000000400855a0       0x19 /Users/iotsuyuan/esp/esp32/blink/build/freertos/libfreertos.a(tasks.o)
                0x00000000400855a0                __getreent
 *fill*         0x00000000400855b9        0x3 
 .text.pcTaskGetTaskName
                0x00000000400855bc       0x2a /Users/iotsuyuan/esp/esp32/blink/build/freertos/libfreertos.a(tasks.o)
                                         0x2d (size before relaxing)
                0x00000000400855bc                pcTaskGetTaskName
 *fill*         0x00000000400855e6        0x2 
 .text.xTaskGetAffinity
                0x00000000400855e8       0x10 /Users/iotsuyuan/esp/esp32/blink/build/freertos/libfreertos.a(tasks.o)
                                         0x13 (size before relaxing)
                0x00000000400855e8                xTaskGetAffinity
 *fill*         0x00000000400855f8        0x0 
 .text.xTaskGetCurrentTaskHandleForCPU
                0x00000000400855f8       0x18 /Users/iotsuyuan/esp/esp32/blink/build/freertos/libfreertos.a(tasks.o)
                0x00000000400855f8                xTaskGetCurrentTaskHandleForCPU
 .text.xTaskGetSchedulerState
                0x0000000040085610       0x37 /Users/iotsuyuan/esp/esp32/blink/build/freertos/libfreertos.a(tasks.o)
                0x0000000040085610                xTaskGetSchedulerState
 *fill*         0x0000000040085647        0x1 
 .text.vTaskEnterCritical
                0x0000000040085648       0xac /Users/iotsuyuan/esp/esp32/blink/build/freertos/libfreertos.a(tasks.o)
                                         0xb3 (size before relaxing)
                0x0000000040085648                vTaskEnterCritical
 *fill*         0x00000000400856f4        0x0 
 .text.vTaskExitCritical
                0x00000000400856f4       0x83 /Users/iotsuyuan/esp/esp32/blink/build/freertos/libfreertos.a(tasks.o)
                                         0x8a (size before relaxing)
                0x00000000400856f4                vTaskExitCritical
 *fill*         0x0000000040085777        0x1 
 .text.prvAddNewTaskToReadyList
                0x0000000040085778      0x15c /Users/iotsuyuan/esp/esp32/blink/build/freertos/libfreertos.a(tasks.o)
                                        0x173 (size before relaxing)
 *fill*         0x00000000400858d4        0x0 
 .text.xTaskCreatePinnedToCore
                0x00000000400858d4       0x6e /Users/iotsuyuan/esp/esp32/blink/build/freertos/libfreertos.a(tasks.o)
                                         0x76 (size before relaxing)
                0x00000000400858d4                xTaskCreatePinnedToCore
 *fill*         0x0000000040085942        0x2 
 .text.vTaskStartScheduler
                0x0000000040085944       0x67 /Users/iotsuyuan/esp/esp32/blink/build/freertos/libfreertos.a(tasks.o)
                                         0x72 (size before relaxing)
                0x0000000040085944                vTaskStartScheduler
 *fill*         0x00000000400859ab        0x1 
 .text.vTaskDelete
                0x00000000400859ac      0x10a /Users/iotsuyuan/esp/esp32/blink/build/freertos/libfreertos.a(tasks.o)
                                        0x122 (size before relaxing)
                0x00000000400859ac                vTaskDelete
 *fill*         0x0000000040085ab6        0x2 
 .text.vTaskDelay
                0x0000000040085ab8       0x70 /Users/iotsuyuan/esp/esp32/blink/build/freertos/libfreertos.a(tasks.o)
                                         0x80 (size before relaxing)
                0x0000000040085ab8                vTaskDelay
 .text.prvCheckTasksWaitingTermination
                0x0000000040085b28       0xbe /Users/iotsuyuan/esp/esp32/blink/build/freertos/libfreertos.a(tasks.o)
                                         0xc6 (size before relaxing)
 *fill*         0x0000000040085be6        0x2 
 .text.prvIdleTask
                0x0000000040085be8        0xc /Users/iotsuyuan/esp/esp32/blink/build/freertos/libfreertos.a(tasks.o)
                                         0x12 (size before relaxing)
 *fill*         0x0000000040085bf4        0x0 
 .text.xTaskGetTickCount
                0x0000000040085bf4       0x1c /Users/iotsuyuan/esp/esp32/blink/build/freertos/libfreertos.a(tasks.o)
                                         0x20 (size before relaxing)
                0x0000000040085bf4                xTaskGetTickCount
 .text.xTaskIncrementTick
                0x0000000040085c10      0x1b2 /Users/iotsuyuan/esp/esp32/blink/build/freertos/libfreertos.a(tasks.o)
                                        0x1ce (size before relaxing)
                0x0000000040085c10                xTaskIncrementTick
 *fill*         0x0000000040085dc2        0x2 
 .text.xTaskResumeAll
                0x0000000040085dc4      0x173 /Users/iotsuyuan/esp/esp32/blink/build/freertos/libfreertos.a(tasks.o)
                                        0x186 (size before relaxing)
                0x0000000040085dc4                xTaskResumeAll
 *fill*         0x0000000040085f37        0x1 
 .text.vTaskPlaceOnEventList
                0x0000000040085f38       0x83 /Users/iotsuyuan/esp/esp32/blink/build/freertos/libfreertos.a(tasks.o)
                                         0x97 (size before relaxing)
                0x0000000040085f38                vTaskPlaceOnEventList
 *fill*         0x0000000040085fbb        0x1 
 .text.vTaskPlaceOnEventListRestricted
                0x0000000040085fbc       0x5b /Users/iotsuyuan/esp/esp32/blink/build/freertos/libfreertos.a(tasks.o)
                                         0x6f (size before relaxing)
                0x0000000040085fbc                vTaskPlaceOnEventListRestricted
 *fill*         0x0000000040086017        0x1 
 .text.xTaskRemoveFromEventList
                0x0000000040086018      0x134 /Users/iotsuyuan/esp/esp32/blink/build/freertos/libfreertos.a(tasks.o)
                                        0x143 (size before relaxing)
                0x0000000040086018                xTaskRemoveFromEventList
 *fill*         0x000000004008614c        0x0 
 .text.xTaskCheckForTimeOut
                0x000000004008614c       0x8b /Users/iotsuyuan/esp/esp32/blink/build/freertos/libfreertos.a(tasks.o)
                                         0x96 (size before relaxing)
                0x000000004008614c                xTaskCheckForTimeOut
 *fill*         0x00000000400861d7        0x1 
 .text.vTaskPriorityInherit
                0x00000000400861d8       0xc4 /Users/iotsuyuan/esp/esp32/blink/build/freertos/libfreertos.a(tasks.o)
                                         0xdb (size before relaxing)
                0x00000000400861d8                vTaskPriorityInherit
 *fill*         0x000000004008629c        0x0 
 .text.xTaskPriorityDisinherit
                0x000000004008629c       0x97 /Users/iotsuyuan/esp/esp32/blink/build/freertos/libfreertos.a(tasks.o)
                                         0xaa (size before relaxing)
                0x000000004008629c                xTaskPriorityDisinherit
 *fill*         0x0000000040086333        0x1 
 .text.pvTaskIncrementMutexHeldCount
                0x0000000040086334       0x50 /Users/iotsuyuan/esp/esp32/blink/build/freertos/libfreertos.a(tasks.o)
                                         0x54 (size before relaxing)
                0x0000000040086334                pvTaskIncrementMutexHeldCount
 .text.prvGetNextExpireTime
                0x0000000040086384       0x20 /Users/iotsuyuan/esp/esp32/blink/build/freertos/libfreertos.a(timers.o)
 .text.prvInsertTimerInActiveList
                0x00000000400863a4       0x50 /Users/iotsuyuan/esp/esp32/blink/build/freertos/libfreertos.a(timers.o)
                                         0x54 (size before relaxing)
 .text.prvCheckForValidListAndQueue
                0x00000000400863f4       0x66 /Users/iotsuyuan/esp/esp32/blink/build/freertos/libfreertos.a(timers.o)
                                         0x7e (size before relaxing)
 *fill*         0x000000004008645a        0x2 
 .text.xTimerCreateTimerTask
                0x000000004008645c       0x48 /Users/iotsuyuan/esp/esp32/blink/build/freertos/libfreertos.a(timers.o)
                                         0x4c (size before relaxing)
                0x000000004008645c                xTimerCreateTimerTask
 .text.xTimerGenericCommand
                0x00000000400864a4       0x55 /Users/iotsuyuan/esp/esp32/blink/build/freertos/libfreertos.a(timers.o)
                                         0x5d (size before relaxing)
                0x00000000400864a4                xTimerGenericCommand
 *fill*         0x00000000400864f9        0x3 
 .text.prvSwitchTimerLists
                0x00000000400864fc       0x76 /Users/iotsuyuan/esp/esp32/blink/build/freertos/libfreertos.a(timers.o)
                                         0x82 (size before relaxing)
 *fill*         0x0000000040086572        0x2 
 .text.prvSampleTimeNow
                0x0000000040086574       0x2b /Users/iotsuyuan/esp/esp32/blink/build/freertos/libfreertos.a(timers.o)
                                         0x2f (size before relaxing)
 *fill*         0x000000004008659f        0x1 
 .text.prvProcessExpiredTimer
                0x00000000400865a0       0x53 /Users/iotsuyuan/esp/esp32/blink/build/freertos/libfreertos.a(timers.o)
                                         0x5f (size before relaxing)
 *fill*         0x00000000400865f3        0x1 
 .text.prvProcessTimerOrBlockTask
                0x00000000400865f4       0x58 /Users/iotsuyuan/esp/esp32/blink/build/freertos/libfreertos.a(timers.o)
                                         0x6c (size before relaxing)
 .text.prvProcessReceivedCommands
                0x000000004008664c       0xd6 /Users/iotsuyuan/esp/esp32/blink/build/freertos/libfreertos.a(timers.o)
                                         0xe6 (size before relaxing)
 *fill*         0x0000000040086722        0x2 
 .text.prvTimerTask
                0x0000000040086724       0x15 /Users/iotsuyuan/esp/esp32/blink/build/freertos/libfreertos.a(timers.o)
                                         0x1d (size before relaxing)
 *fill*         0x0000000040086739        0x3 
 .text._xt_tick_divisor_init
                0x000000004008673c       0x1c /Users/iotsuyuan/esp/esp32/blink/build/freertos/libfreertos.a(xtensa_init.o)
                                         0x1f (size before relaxing)
                0x000000004008673c                _xt_tick_divisor_init
 *fill*         0x0000000040086758        0x0 
 .text.xt_unhandled_interrupt
                0x0000000040086758       0x16 /Users/iotsuyuan/esp/esp32/blink/build/freertos/libfreertos.a(xtensa_intr.o)
                0x0000000040086758                xt_unhandled_interrupt
 *fill*         0x000000004008676e        0x2 
 .text.xt_set_interrupt_handler
                0x0000000040086770       0x46 /Users/iotsuyuan/esp/esp32/blink/build/freertos/libfreertos.a(xtensa_intr.o)
                0x0000000040086770                xt_set_interrupt_handler
 *fill*         0x00000000400867b6        0x2 
 .text          0x00000000400867b8      0x1d0 /Users/iotsuyuan/esp/esp32/blink/build/freertos/libfreertos.a(portasm.o)
                0x00000000400867b8                _frxt_setup_switch
                0x00000000400867d0                _frxt_int_enter
                0x0000000040086818                _frxt_int_exit
                0x0000000040086868                _frxt_timer_int
                0x0000000040086890                _frxt_tick_timer_init
                0x00000000400868a8                _frxt_dispatch
                0x00000000400868f0                vPortYield
                0x000000004008693c                vPortYieldFromInt
                0x000000004008695c                _frxt_task_coproc_state
 .text          0x0000000040086988      0x12b /Users/iotsuyuan/esp/esp32/blink/build/freertos/libfreertos.a(xtensa_context.o)
                0x0000000040086988                _xt_context_save
                0x00000000400869f0                _xt_context_restore
                0x0000000040086a34                _xt_coproc_init
                0x0000000040086a48                _xt_coproc_release
                0x0000000040086a74                _xt_coproc_savecs
                0x0000000040086a94                _xt_coproc_restorecs
 *fill*         0x0000000040086ab3        0x1 
 .text.returnItemToRingbufBytebuf
                0x0000000040086ab4       0x41 /Users/iotsuyuan/esp/esp32/blink/build/freertos/libfreertos.a(ringbuf.o)
                                         0x45 (size before relaxing)
 *fill*         0x0000000040086af5        0x3 
 .text.returnItemToRingbufDefault
                0x0000000040086af8      0x126 /Users/iotsuyuan/esp/esp32/blink/build/freertos/libfreertos.a(ringbuf.o)
                                        0x136 (size before relaxing)
 *fill*         0x0000000040086c1e        0x2 
 .text.getItemFromRingbufDefault
                0x0000000040086c20       0xa1 /Users/iotsuyuan/esp/esp32/blink/build/freertos/libfreertos.a(ringbuf.o)
                                         0xa5 (size before relaxing)
 *fill*         0x0000000040086cc1        0x3 
 .text.copyItemToRingbufNoSplit
                0x0000000040086cc4       0xac /Users/iotsuyuan/esp/esp32/blink/build/freertos/libfreertos.a(ringbuf.o)
                                         0xb0 (size before relaxing)
 .text.copyItemToRingbufByteBuf
                0x0000000040086d70       0x46 /Users/iotsuyuan/esp/esp32/blink/build/freertos/libfreertos.a(ringbuf.o)
 *fill*         0x0000000040086db6        0x2 
 .text.copyItemToRingbufAllowSplit
                0x0000000040086db8      0x118 /Users/iotsuyuan/esp/esp32/blink/build/freertos/libfreertos.a(ringbuf.o)
                                        0x124 (size before relaxing)
 .text.xRingbufferCreate
                0x0000000040086ed0      0x109 /Users/iotsuyuan/esp/esp32/blink/build/freertos/libfreertos.a(ringbuf.o)
                                        0x118 (size before relaxing)
                0x0000000040086ed0                xRingbufferCreate
 *fill*         0x0000000040086fd9        0x3 
 .text.vRingbufferDelete
                0x0000000040086fdc       0x28 /Users/iotsuyuan/esp/esp32/blink/build/freertos/libfreertos.a(ringbuf.o)
                                         0x2c (size before relaxing)
                0x0000000040086fdc                vRingbufferDelete
 .text.xRingbufferSendFromISR
                0x0000000040087004       0x5a /Users/iotsuyuan/esp/esp32/blink/build/freertos/libfreertos.a(ringbuf.o)
                                         0x62 (size before relaxing)
                0x0000000040087004                xRingbufferSendFromISR
 *fill*         0x000000004008705e        0x2 
 .text.xRingbufferReceiveUpToFromISR
                0x0000000040087060       0x60 /Users/iotsuyuan/esp/esp32/blink/build/freertos/libfreertos.a(ringbuf.o)
                                         0x64 (size before relaxing)
                0x0000000040087060                xRingbufferReceiveUpToFromISR
 .text.vRingbufferReturnItemFromISR
                0x00000000400870c0       0x24 /Users/iotsuyuan/esp/esp32/blink/build/freertos/libfreertos.a(ringbuf.o)
                                         0x2c (size before relaxing)
                0x00000000400870c0                vRingbufferReturnItemFromISR
 *fill*         0x00000000400870e4        0x0 
 *fill*         0x00000000400870e4        0x0 
 *fill*         0x00000000400870e4        0x0 
 *fill*         0x00000000400870e4        0x0 
 *fill*         0x00000000400870e4        0x0 
 .text.vPortStoreTaskMPUSettings
                0x00000000400870e4       0x13 /Users/iotsuyuan/esp/esp32/blink/build/freertos/libfreertos.a(port.o)
                0x00000000400870e4                vPortStoreTaskMPUSettings
 *fill*         0x00000000400870f7        0x0 
 *fill*         0x00000000400870f7        0x0 
 *fill*         0x00000000400870f7        0x0 
 *fill*         0x00000000400870f7        0x0 
 *fill*         0x00000000400870f7        0x1 
 .text.prvIsQueueEmpty
                0x00000000400870f8       0x12 /Users/iotsuyuan/esp/esp32/blink/build/freertos/libfreertos.a(queue.o)
 *fill*         0x000000004008710a        0x0 
 *fill*         0x000000004008710a        0x0 
 *fill*         0x000000004008710a        0x0 
 *fill*         0x000000004008710a        0x0 
 *fill*         0x000000004008710a        0x0 
 *fill*         0x000000004008710a        0x0 
 *fill*         0x000000004008710a        0x0 
 *fill*         0x000000004008710a        0x0 
 *fill*         0x000000004008710a        0x0 
 *fill*         0x000000004008710a        0x0 
 *fill*         0x000000004008710a        0x0 
 *fill*         0x000000004008710a        0x0 
 *fill*         0x000000004008710a        0x0 
 *fill*         0x000000004008710a        0x0 
 *fill*         0x000000004008710a        0x0 
 *fill*         0x000000004008710a        0x0 
 *fill*         0x000000004008710a        0x0 
 *fill*         0x000000004008710a        0x0 
 *fill*         0x000000004008710a        0x0 
 *fill*         0x000000004008710a        0x0 
 *fill*         0x000000004008710a        0x0 
 *fill*         0x000000004008710a        0x0 
 *fill*         0x000000004008710a        0x0 
 *fill*         0x000000004008710a        0x0 
 *fill*         0x000000004008710a        0x0 
 *fill*         0x000000004008710a        0x0 
 *fill*         0x000000004008710a        0x0 
 *fill*         0x000000004008710a        0x0 
 *fill*         0x000000004008710a        0x0 
 *fill*         0x000000004008710a        0x0 
 *fill*         0x000000004008710a        0x0 
 *fill*         0x000000004008710a        0x0 
 *fill*         0x000000004008710a        0x0 
 *fill*         0x000000004008710a        0x0 
 *fill*         0x000000004008710a        0x0 
 *fill*         0x000000004008710a        0x0 
 *fill*         0x000000004008710a        0x0 
 *fill*         0x000000004008710a        0x0 
 *fill*         0x000000004008710a        0x0 
 *fill*         0x000000004008710a        0x0 
 *fill*         0x000000004008710a        0x0 
 *fill*         0x000000004008710a        0x0 
 *fill*         0x000000004008710a        0x0 
 *fill*         0x000000004008710a        0x0 
 *fill*         0x000000004008710a        0x0 
 *fill*         0x000000004008710a        0x0 
 *fill*         0x000000004008710a        0x0 
 *fill*         0x000000004008710a        0x0 
 *fill*         0x000000004008710a        0x0 
 *fill*         0x000000004008710a        0x0 
 *fill*         0x000000004008710a        0x0 
 *fill*         0x000000004008710a        0x0 
 *fill*         0x000000004008710a        0x0 
 *fill*         0x000000004008710a        0x0 
 *fill*         0x000000004008710a        0x2 
 .text          0x000000004008710c       0x33 /Users/iotsuyuan/esp/esp32/blink/build/freertos/libfreertos.a(xtensa_intr_asm.o)
                0x000000004008710c                xt_ints_on
                0x0000000040087124                xt_ints_off
 *fill*         0x000000004008713f        0x1 
 .text.vListInitialise
                0x0000000040087140       0x15 /Users/iotsuyuan/esp/esp32/blink/build/freertos/libfreertos.a(list.o)
                0x0000000040087140                vListInitialise
 *fill*         0x0000000040087155        0x3 
 .text.vListInitialiseItem
                0x0000000040087158        0x9 /Users/iotsuyuan/esp/esp32/blink/build/freertos/libfreertos.a(list.o)
                0x0000000040087158                vListInitialiseItem
 *fill*         0x0000000040087161        0x3 
 .text.vListInsertEnd
                0x0000000040087164       0x1b /Users/iotsuyuan/esp/esp32/blink/build/freertos/libfreertos.a(list.o)
                0x0000000040087164                vListInsertEnd
 *fill*         0x000000004008717f        0x1 
 .text.vListInsert
                0x0000000040087180       0x2f /Users/iotsuyuan/esp/esp32/blink/build/freertos/libfreertos.a(list.o)
                0x0000000040087180                vListInsert
 *fill*         0x00000000400871af        0x1 
 .text.uxListRemove
                0x00000000400871b0       0x26 /Users/iotsuyuan/esp/esp32/blink/build/freertos/libfreertos.a(list.o)
                0x00000000400871b0                uxListRemove
 *fill*         0x00000000400871d6        0x2 
 .text.ringbufferFreeMem
                0x00000000400871d8       0x15 /Users/iotsuyuan/esp/esp32/blink/build/freertos/libfreertos.a(ringbuf.o)
 *fill*         0x00000000400871ed        0x3 
 .text.getItemFromRingbufByteBuf